Archive member included to satisfy reference by file (symbol)

d:/data/programs/stm32cubeide/stm32cubeide_1.3.0/stm32cubeide/plugins/com.st.stm32cube.ide.mcu.externaltools.gnu-tools-for-stm32.7-2018-q2-update.win32_1.4.0.202007081208/tools/bin/../lib/gcc/arm-none-eabi/7.3.1/../../../../arm-none-eabi/lib/thumb/v6-m\libc_nano.a(lib_a-errno.o)
                              Core/Src/syscalls.o (__errno)
d:/data/programs/stm32cubeide/stm32cubeide_1.3.0/stm32cubeide/plugins/com.st.stm32cube.ide.mcu.externaltools.gnu-tools-for-stm32.7-2018-q2-update.win32_1.4.0.202007081208/tools/bin/../lib/gcc/arm-none-eabi/7.3.1/../../../../arm-none-eabi/lib/thumb/v6-m\libc_nano.a(lib_a-exit.o)
                              d:/data/programs/stm32cubeide/stm32cubeide_1.3.0/stm32cubeide/plugins/com.st.stm32cube.ide.mcu.externaltools.gnu-tools-for-stm32.7-2018-q2-update.win32_1.4.0.202007081208/tools/bin/../lib/gcc/arm-none-eabi/7.3.1/../../../../arm-none-eabi/lib/thumb/v6-m/crt0.o (exit)
d:/data/programs/stm32cubeide/stm32cubeide_1.3.0/stm32cubeide/plugins/com.st.stm32cube.ide.mcu.externaltools.gnu-tools-for-stm32.7-2018-q2-update.win32_1.4.0.202007081208/tools/bin/../lib/gcc/arm-none-eabi/7.3.1/../../../../arm-none-eabi/lib/thumb/v6-m\libc_nano.a(lib_a-impure.o)
                              d:/data/programs/stm32cubeide/stm32cubeide_1.3.0/stm32cubeide/plugins/com.st.stm32cube.ide.mcu.externaltools.gnu-tools-for-stm32.7-2018-q2-update.win32_1.4.0.202007081208/tools/bin/../lib/gcc/arm-none-eabi/7.3.1/../../../../arm-none-eabi/lib/thumb/v6-m\libc_nano.a(lib_a-exit.o) (_global_impure_ptr)
d:/data/programs/stm32cubeide/stm32cubeide_1.3.0/stm32cubeide/plugins/com.st.stm32cube.ide.mcu.externaltools.gnu-tools-for-stm32.7-2018-q2-update.win32_1.4.0.202007081208/tools/bin/../lib/gcc/arm-none-eabi/7.3.1/../../../../arm-none-eabi/lib/thumb/v6-m\libc_nano.a(lib_a-init.o)
                              d:/data/programs/stm32cubeide/stm32cubeide_1.3.0/stm32cubeide/plugins/com.st.stm32cube.ide.mcu.externaltools.gnu-tools-for-stm32.7-2018-q2-update.win32_1.4.0.202007081208/tools/bin/../lib/gcc/arm-none-eabi/7.3.1/../../../../arm-none-eabi/lib/thumb/v6-m/crt0.o (__libc_init_array)
d:/data/programs/stm32cubeide/stm32cubeide_1.3.0/stm32cubeide/plugins/com.st.stm32cube.ide.mcu.externaltools.gnu-tools-for-stm32.7-2018-q2-update.win32_1.4.0.202007081208/tools/bin/../lib/gcc/arm-none-eabi/7.3.1/../../../../arm-none-eabi/lib/thumb/v6-m\libc_nano.a(lib_a-memcpy-stub.o)
                              Middlewares/Third_Party/FreeRTOS/Source/queue.o (memcpy)
d:/data/programs/stm32cubeide/stm32cubeide_1.3.0/stm32cubeide/plugins/com.st.stm32cube.ide.mcu.externaltools.gnu-tools-for-stm32.7-2018-q2-update.win32_1.4.0.202007081208/tools/bin/../lib/gcc/arm-none-eabi/7.3.1/../../../../arm-none-eabi/lib/thumb/v6-m\libc_nano.a(lib_a-memset.o)
                              d:/data/programs/stm32cubeide/stm32cubeide_1.3.0/stm32cubeide/plugins/com.st.stm32cube.ide.mcu.externaltools.gnu-tools-for-stm32.7-2018-q2-update.win32_1.4.0.202007081208/tools/bin/../lib/gcc/arm-none-eabi/7.3.1/../../../../arm-none-eabi/lib/thumb/v6-m/crt0.o (memset)
d:/data/programs/stm32cubeide/stm32cubeide_1.3.0/stm32cubeide/plugins/com.st.stm32cube.ide.mcu.externaltools.gnu-tools-for-stm32.7-2018-q2-update.win32_1.4.0.202007081208/tools/bin/../lib/gcc/arm-none-eabi/7.3.1/../../../../arm-none-eabi/lib/thumb/v6-m\libm.a(lib_a-wf_pow.o)
                              Core/Src/main.o (powf)
d:/data/programs/stm32cubeide/stm32cubeide_1.3.0/stm32cubeide/plugins/com.st.stm32cube.ide.mcu.externaltools.gnu-tools-for-stm32.7-2018-q2-update.win32_1.4.0.202007081208/tools/bin/../lib/gcc/arm-none-eabi/7.3.1/../../../../arm-none-eabi/lib/thumb/v6-m\libm.a(lib_a-ef_pow.o)
                              d:/data/programs/stm32cubeide/stm32cubeide_1.3.0/stm32cubeide/plugins/com.st.stm32cube.ide.mcu.externaltools.gnu-tools-for-stm32.7-2018-q2-update.win32_1.4.0.202007081208/tools/bin/../lib/gcc/arm-none-eabi/7.3.1/../../../../arm-none-eabi/lib/thumb/v6-m\libm.a(lib_a-wf_pow.o) (__ieee754_powf)
d:/data/programs/stm32cubeide/stm32cubeide_1.3.0/stm32cubeide/plugins/com.st.stm32cube.ide.mcu.externaltools.gnu-tools-for-stm32.7-2018-q2-update.win32_1.4.0.202007081208/tools/bin/../lib/gcc/arm-none-eabi/7.3.1/../../../../arm-none-eabi/lib/thumb/v6-m\libm.a(lib_a-ef_sqrt.o)
                              d:/data/programs/stm32cubeide/stm32cubeide_1.3.0/stm32cubeide/plugins/com.st.stm32cube.ide.mcu.externaltools.gnu-tools-for-stm32.7-2018-q2-update.win32_1.4.0.202007081208/tools/bin/../lib/gcc/arm-none-eabi/7.3.1/../../../../arm-none-eabi/lib/thumb/v6-m\libm.a(lib_a-ef_pow.o) (__ieee754_sqrtf)
d:/data/programs/stm32cubeide/stm32cubeide_1.3.0/stm32cubeide/plugins/com.st.stm32cube.ide.mcu.externaltools.gnu-tools-for-stm32.7-2018-q2-update.win32_1.4.0.202007081208/tools/bin/../lib/gcc/arm-none-eabi/7.3.1/../../../../arm-none-eabi/lib/thumb/v6-m\libm.a(lib_a-s_lib_ver.o)
[...]
Memory Configuration

Name             Origin             Length             Attributes
RAM              0x0000000020000000 0x0000000000002000 xrw
FLASH            0x0000000008000000 0x0000000000010000 xr
*default*        0x0000000000000000 0xffffffffffffffff

Linker script and memory map

LOAD d:/data/programs/stm32cubeide/stm32cubeide_1.3.0/stm32cubeide/plugins/com.st.stm32cube.ide.mcu.externaltools.gnu-tools-for-stm32.7-2018-q2-update.win32_1.4.0.202007081208/tools/bin/../lib/gcc/arm-none-eabi/7.3.1/thumb/v6-m/crti.o
LOAD d:/data/programs/stm32cubeide/stm32cubeide_1.3.0/stm32cubeide/plugins/com.st.stm32cube.ide.mcu.externaltools.gnu-tools-for-stm32.7-2018-q2-update.win32_1.4.0.202007081208/tools/bin/../lib/gcc/arm-none-eabi/7.3.1/thumb/v6-m/crtbegin.o
LOAD d:/data/programs/stm32cubeide/stm32cubeide_1.3.0/stm32cubeide/plugins/com.st.stm32cube.ide.mcu.externaltools.gnu-tools-for-stm32.7-2018-q2-update.win32_1.4.0.202007081208/tools/bin/../lib/gcc/arm-none-eabi/7.3.1/../../../../arm-none-eabi/lib/thumb/v6-m/crt0.o
LOAD Core/Src/freertos.o
LOAD Core/Src/main.o
LOAD Core/Src/stm32f0xx_hal_msp.o
LOAD Core/Src/stm32f0xx_hal_timebase_tim.o
LOAD Core/Src/stm32f0xx_it.o
LOAD Core/Src/syscalls.o
LOAD Core/Src/sysmem.o
LOAD Core/Src/system_stm32f0xx.o
LOAD Core/Startup/startup_stm32f051r8tx.o
LOAD Drivers/STM32F0xx_HAL_Driver/Src/stm32f0xx_hal.o
LOAD Drivers/STM32F0xx_HAL_Driver/Src/stm32f0xx_hal_adc.o
LOAD Drivers/STM32F0xx_HAL_Driver/Src/stm32f0xx_hal_adc_ex.o
LOAD Drivers/STM32F0xx_HAL_Driver/Src/stm32f0xx_hal_cortex.o
LOAD Drivers/STM32F0xx_HAL_Driver/Src/stm32f0xx_hal_dma.o
LOAD Drivers/STM32F0xx_HAL_Driver/Src/stm32f0xx_hal_exti.o
LOAD Drivers/STM32F0xx_HAL_Driver/Src/stm32f0xx_hal_flash.o
LOAD Drivers/STM32F0xx_HAL_Driver/Src/stm32f0xx_hal_flash_ex.o
LOAD Drivers/STM32F0xx_HAL_Driver/Src/stm32f0xx_hal_gpio.o
LOAD Drivers/STM32F0xx_HAL_Driver/Src/stm32f0xx_hal_i2c.o
LOAD Drivers/STM32F0xx_HAL_Driver/Src/stm32f0xx_hal_i2c_ex.o
LOAD Drivers/STM32F0xx_HAL_Driver/Src/stm32f0xx_hal_pwr.o
LOAD Drivers/STM32F0xx_HAL_Driver/Src/stm32f0xx_hal_pwr_ex.o
LOAD Drivers/STM32F0xx_HAL_Driver/Src/stm32f0xx_hal_rcc.o
LOAD Drivers/STM32F0xx_HAL_Driver/Src/stm32f0xx_hal_rcc_ex.o
LOAD Drivers/STM32F0xx_HAL_Driver/Src/stm32f0xx_hal_tim.o
LOAD Drivers/STM32F0xx_HAL_Driver/Src/stm32f0xx_hal_tim_ex.o
LOAD Drivers/STM32F0xx_HAL_Driver/Src/stm32f0xx_hal_uart.o
LOAD Drivers/STM32F0xx_HAL_Driver/Src/stm32f0xx_hal_uart_ex.o
LOAD Middlewares/Third_Party/FreeRTOS/Source/CMSIS_RTOS/cmsis_os.o
LOAD Middlewares/Third_Party/FreeRTOS/Source/croutine.o
LOAD Middlewares/Third_Party/FreeRTOS/Source/event_groups.o
LOAD Middlewares/Third_Party/FreeRTOS/Source/list.o
LOAD Middlewares/Third_Party/FreeRTOS/Source/queue.o
LOAD Middlewares/Third_Party/FreeRTOS/Source/stream_buffer.o
LOAD Middlewares/Third_Party/FreeRTOS/Source/tasks.o
LOAD Middlewares/Third_Party/FreeRTOS/Source/timers.o
LOAD Middlewares/Third_Party/FreeRTOS/Source/portable/GCC/ARM_CM0/port.o
LOAD Middlewares/Third_Party/FreeRTOS/Source/portable/MemMang/heap_4.o
START GROUP
LOAD d:/data/programs/stm32cubeide/stm32cubeide_1.3.0/stm32cubeide/plugins/com.st.stm32cube.ide.mcu.externaltools.gnu-tools-for-stm32.7-2018-q2-update.win32_1.4.0.202007081208/tools/bin/../lib/gcc/arm-none-eabi/7.3.1/../../../../arm-none-eabi/lib/thumb/v6-m\libc_nano.a
LOAD d:/data/programs/stm32cubeide/stm32cubeide_1.3.0/stm32cubeide/plugins/com.st.stm32cube.ide.mcu.externaltools.gnu-tools-for-stm32.7-2018-q2-update.win32_1.4.0.202007081208/tools/bin/../lib/gcc/arm-none-eabi/7.3.1/../../../../arm-none-eabi/lib/thumb/v6-m\libm.a
END GROUP
START GROUP
LOAD d:/data/programs/stm32cubeide/stm32cubeide_1.3.0/stm32cubeide/plugins/com.st.stm32cube.ide.mcu.externaltools.gnu-tools-for-stm32.7-2018-q2-update.win32_1.4.0.202007081208/tools/bin/../lib/gcc/arm-none-eabi/7.3.1/thumb/v6-m\libgcc.a
LOAD d:/data/programs/stm32cubeide/stm32cubeide_1.3.0/stm32cubeide/plugins/com.st.stm32cube.ide.mcu.externaltools.gnu-tools-for-stm32.7-2018-q2-update.win32_1.4.0.202007081208/tools/bin/../lib/gcc/arm-none-eabi/7.3.1/../../../../arm-none-eabi/lib/thumb/v6-m\libc_nano.a
END GROUP
START GROUP
LOAD d:/data/programs/stm32cubeide/stm32cubeide_1.3.0/stm32cubeide/plugins/com.st.stm32cube.ide.mcu.externaltools.gnu-tools-for-stm32.7-2018-q2-update.win32_1.4.0.202007081208/tools/bin/../lib/gcc/arm-none-eabi/7.3.1/thumb/v6-m\libgcc.a
LOAD d:/data/programs/stm32cubeide/stm32cubeide_1.3.0/stm32cubeide/plugins/com.st.stm32cube.ide.mcu.externaltools.gnu-tools-for-stm32.7-2018-q2-update.win32_1.4.0.202007081208/tools/bin/../lib/gcc/arm-none-eabi/7.3.1/../../../../arm-none-eabi/lib/thumb/v6-m\libc_nano.a
LOAD d:/data/programs/stm32cubeide/stm32cubeide_1.3.0/stm32cubeide/plugins/com.st.stm32cube.ide.mcu.externaltools.gnu-tools-for-stm32.7-2018-q2-update.win32_1.4.0.202007081208/tools/bin/../lib/gcc/arm-none-eabi/7.3.1/../../../../arm-none-eabi/lib/thumb/v6-m\libnosys.a
END GROUP
START GROUP
LOAD d:/data/programs/stm32cubeide/stm32cubeide_1.3.0/stm32cubeide/plugins/com.st.stm32cube.ide.mcu.externaltools.gnu-tools-for-stm32.7-2018-q2-update.win32_1.4.0.202007081208/tools/bin/../lib/gcc/arm-none-eabi/7.3.1/thumb/v6-m\libgcc.a
LOAD d:/data/programs/stm32cubeide/stm32cubeide_1.3.0/stm32cubeide/plugins/com.st.stm32cube.ide.mcu.externaltools.gnu-tools-for-stm32.7-2018-q2-update.win32_1.4.0.202007081208/tools/bin/../lib/gcc/arm-none-eabi/7.3.1/../../../../arm-none-eabi/lib/thumb/v6-m\libc_nano.a
LOAD d:/data/programs/stm32cubeide/stm32cubeide_1.3.0/stm32cubeide/plugins/com.st.stm32cube.ide.mcu.externaltools.gnu-tools-for-stm32.7-2018-q2-update.win32_1.4.0.202007081208/tools/bin/../lib/gcc/arm-none-eabi/7.3.1/../../../../arm-none-eabi/lib/thumb/v6-m\libnosys.a
END GROUP
LOAD d:/data/programs/stm32cubeide/stm32cubeide_1.3.0/stm32cubeide/plugins/com.st.stm32cube.ide.mcu.externaltools.gnu-tools-for-stm32.7-2018-q2-update.win32_1.4.0.202007081208/tools/bin/../lib/gcc/arm-none-eabi/7.3.1/thumb/v6-m/crtend.o
LOAD d:/data/programs/stm32cubeide/stm32cubeide_1.3.0/stm32cubeide/plugins/com.st.stm32cube.ide.mcu.externaltools.gnu-tools-for-stm32.7-2018-q2-update.win32_1.4.0.202007081208/tools/bin/../lib/gcc/arm-none-eabi/7.3.1/thumb/v6-m/crtn.o
                0x0000000020002000                _estack = (ORIGIN (RAM) + LENGTH (RAM))
                0x0000000000000200                _Min_Heap_Size = 0x200
                0x0000000000000400                _Min_Stack_Size = 0x400

.isr_vector     0x0000000008000000       0xc0
                0x0000000008000000                . = ALIGN (0x4)
 *(.isr_vector)
 .isr_vector    0x0000000008000000       0xc0 Core/Startup/startup_stm32f051r8tx.o
                0x0000000008000000                g_pfnVectors
                0x00000000080000c0                . = ALIGN (0x4)

.text           0x00000000080000c0     0x91c8
                0x00000000080000c0                . = ALIGN (0x4)
 *(.text)
 .text          0x00000000080000c0       0x48 d:/data/programs/stm32cubeide/stm32cubeide_1.3.0/stm32cubeide/plugins/com.st.stm32cube.ide.mcu.externaltools.gnu-tools-for-stm32.7-2018-q2-update.win32_1.4.0.202007081208/tools/bin/../lib/gcc/arm-none-eabi/7.3.1/thumb/v6-m/crtbegin.o
 .text          0x0000000008000108      0x114 d:/data/programs/stm32cubeide/stm32cubeide_1.3.0/stm32cubeide/plugins/com.st.stm32cube.ide.mcu.externaltools.gnu-tools-for-stm32.7-2018-q2-update.win32_1.4.0.202007081208/tools/bin/../lib/gcc/arm-none-eabi/7.3.1/thumb/v6-m\libgcc.a(_udivsi3.o)
                0x0000000008000108                __aeabi_uidiv
                0x0000000008000108                __udivsi3
                0x0000000008000214                __aeabi_uidivmod
 .text          0x000000000800021c        0x4 d:/data/programs/stm32cubeide/stm32cubeide_1.3.0/stm32cubeide/plugins/com.st.stm32cube.ide.mcu.externaltools.gnu-tools-for-stm32.7-2018-q2-update.win32_1.4.0.202007081208/tools/bin/../lib/gcc/arm-none-eabi/7.3.1/thumb/v6-m\libgcc.a(_dvmd_tls.o)
                0x000000000800021c                __aeabi_idiv0
                0x000000000800021c                __aeabi_ldiv0
 .text          0x0000000008000220       0x7c d:/data/programs/stm32cubeide/stm32cubeide_1.3.0/stm32cubeide/plugins/com.st.stm32cube.ide.mcu.externaltools.gnu-tools-for-stm32.7-2018-q2-update.win32_1.4.0.202007081208/tools/bin/../lib/gcc/arm-none-eabi/7.3.1/thumb/v6-m\libgcc.a(_arm_cmpdf2.o)
                0x0000000008000220                __aeabi_cdrcmple
                0x0000000008000230                __aeabi_cdcmple
                0x0000000008000230                __aeabi_cdcmpeq
                0x0000000008000240                __aeabi_dcmpeq
                0x000000000800024c                __aeabi_dcmplt
                0x0000000008000260                __aeabi_dcmple
                0x0000000008000274                __aeabi_dcmpgt
                0x0000000008000288                __aeabi_dcmpge
 .text          0x000000000800029c       0x74 d:/data/programs/stm32cubeide/stm32cubeide_1.3.0/stm32cubeide/plugins/com.st.stm32cube.ide.mcu.externaltools.gnu-tools-for-stm32.7-2018-q2-update.win32_1.4.0.202007081208/tools/bin/../lib/gcc/arm-none-eabi/7.3.1/thumb/v6-m\libgcc.a(_arm_cmpsf2.o)
                0x000000000800029c                __aeabi_cfrcmple
                0x00000000080002a4                __aeabi_cfcmpeq
                0x00000000080002a4                __aeabi_cfcmple
                0x00000000080002b4                __aeabi_fcmpeq
                0x00000000080002c0                __aeabi_fcmplt
                0x00000000080002d4                __aeabi_fcmple
                0x00000000080002e8                __aeabi_fcmpgt
                0x00000000080002fc                __aeabi_fcmpge
 .text          0x0000000008000310      0x334 d:/data/programs/stm32cubeide/stm32cubeide_1.3.0/stm32cubeide/plugins/com.st.stm32cube.ide.mcu.externaltools.gnu-tools-for-stm32.7-2018-q2-update.win32_1.4.0.202007081208/tools/bin/../lib/gcc/arm-none-eabi/7.3.1/thumb/v6-m\libgcc.a(addsf3.o)
                0x0000000008000310                __aeabi_fadd
 .text          0x0000000008000644      0x224 d:/data/programs/stm32cubeide/stm32cubeide_1.3.0/stm32cubeide/plugins/com.st.stm32cube.ide.mcu.externaltools.gnu-tools-for-stm32.7-2018-q2-update.win32_1.4.0.202007081208/tools/bin/../lib/gcc/arm-none-eabi/7.3.1/thumb/v6-m\libgcc.a(divsf3.o)
                0x0000000008000644                __aeabi_fdiv
 .text          0x0000000008000868       0x50 d:/data/programs/stm32cubeide/stm32cubeide_1.3.0/stm32cubeide/plugins/com.st.stm32cube.ide.mcu.externaltools.gnu-tools-for-stm32.7-2018-q2-update.win32_1.4.0.202007081208/tools/bin/../lib/gcc/arm-none-eabi/7.3.1/thumb/v6-m\libgcc.a(eqsf2.o)
                0x0000000008000868                __eqsf2
                0x0000000008000868                __nesf2
 .text          0x00000000080008b8       0x9c d:/data/programs/stm32cubeide/stm32cubeide_1.3.0/stm32cubeide/plugins/com.st.stm32cube.ide.mcu.externaltools.gnu-tools-for-stm32.7-2018-q2-update.win32_1.4.0.202007081208/tools/bin/../lib/gcc/arm-none-eabi/7.3.1/thumb/v6-m\libgcc.a(gesf2.o)
                0x00000000080008b8                __gesf2
                0x00000000080008b8                __gtsf2
 .text          0x0000000008000954       0xa0 d:/data/programs/stm32cubeide/stm32cubeide_1.3.0/stm32cubeide/plugins/com.st.stm32cube.ide.mcu.externaltools.gnu-tools-for-stm32.7-2018-q2-update.win32_1.4.0.202007081208/tools/bin/../lib/gcc/arm-none-eabi/7.3.1/thumb/v6-m\libgcc.a(lesf2.o)
                0x0000000008000954                __ltsf2
                0x0000000008000954                __lesf2
 .text          0x00000000080009f4      0x264 d:/data/programs/stm32cubeide/stm32cubeide_1.3.0/stm32cubeide/plugins/com.st.stm32cube.ide.mcu.externaltools.gnu-tools-for-stm32.7-2018-q2-update.win32_1.4.0.202007081208/tools/bin/../lib/gcc/arm-none-eabi/7.3.1/thumb/v6-m\libgcc.a(mulsf3.o)
                0x00000000080009f4                __aeabi_fmul
 .text          0x0000000008000c58      0x388 d:/data/programs/stm32cubeide/stm32cubeide_1.3.0/stm32cubeide/plugins/com.st.stm32cube.ide.mcu.externaltools.gnu-tools-for-stm32.7-2018-q2-update.win32_1.4.0.202007081208/tools/bin/../lib/gcc/arm-none-eabi/7.3.1/thumb/v6-m\libgcc.a(subsf3.o)
                0x0000000008000c58                __aeabi_fsub
 .text          0x0000000008000fe0       0x2c d:/data/programs/stm32cubeide/stm32cubeide_1.3.0/stm32cubeide/plugins/com.st.stm32cube.ide.mcu.externaltools.gnu-tools-for-stm32.7-2018-q2-update.win32_1.4.0.202007081208/tools/bin/../lib/gcc/arm-none-eabi/7.3.1/thumb/v6-m\libgcc.a(unordsf2.o)
                0x0000000008000fe0                __aeabi_fcmpun
 .text          0x000000000800100c       0x40 d:/data/programs/stm32cubeide/stm32cubeide_1.3.0/stm32cubeide/plugins/com.st.stm32cube.ide.mcu.externaltools.gnu-tools-for-stm32.7-2018-q2-update.win32_1.4.0.202007081208/tools/bin/../lib/gcc/arm-none-eabi/7.3.1/thumb/v6-m\libgcc.a(fixsfsi.o)
                0x000000000800100c                __aeabi_f2iz
 .text          0x000000000800104c       0x94 d:/data/programs/stm32cubeide/stm32cubeide_1.3.0/stm32cubeide/plugins/com.st.stm32cube.ide.mcu.externaltools.gnu-tools-for-stm32.7-2018-q2-update.win32_1.4.0.202007081208/tools/bin/../lib/gcc/arm-none-eabi/7.3.1/thumb/v6-m\libgcc.a(floatsisf.o)
                0x000000000800104c                __aeabi_i2f
 .text          0x00000000080010e0      0x638 d:/data/programs/stm32cubeide/stm32cubeide_1.3.0/stm32cubeide/plugins/com.st.stm32cube.ide.mcu.externaltools.gnu-tools-for-stm32.7-2018-q2-update.win32_1.4.0.202007081208/tools/bin/../lib/gcc/arm-none-eabi/7.3.1/thumb/v6-m\libgcc.a(adddf3.o)
                0x00000000080010e0                __aeabi_dadd
 .text          0x0000000008001718      0x604 d:/data/programs/stm32cubeide/stm32cubeide_1.3.0/stm32cubeide/plugins/com.st.stm32cube.ide.mcu.externaltools.gnu-tools-for-stm32.7-2018-q2-update.win32_1.4.0.202007081208/tools/bin/../lib/gcc/arm-none-eabi/7.3.1/thumb/v6-m\libgcc.a(divdf3.o)
                0x0000000008001718                __aeabi_ddiv
 .text          0x0000000008001d1c       0x78 d:/data/programs/stm32cubeide/stm32cubeide_1.3.0/stm32cubeide/plugins/com.st.stm32cube.ide.mcu.externaltools.gnu-tools-for-stm32.7-2018-q2-update.win32_1.4.0.202007081208/tools/bin/../lib/gcc/arm-none-eabi/7.3.1/thumb/v6-m\libgcc.a(eqdf2.o)
                0x0000000008001d1c                __nedf2
                0x0000000008001d1c                __eqdf2
 .text          0x0000000008001d94       0xc8 d:/data/programs/stm32cubeide/stm32cubeide_1.3.0/stm32cubeide/plugins/com.st.stm32cube.ide.mcu.externaltools.gnu-tools-for-stm32.7-2018-q2-update.win32_1.4.0.202007081208/tools/bin/../lib/gcc/arm-none-eabi/7.3.1/thumb/v6-m\libgcc.a(gedf2.o)
                0x0000000008001d94                __gedf2
                0x0000000008001d94                __gtdf2
 .text          0x0000000008001e5c       0xd0 d:/data/programs/stm32cubeide/stm32cubeide_1.3.0/stm32cubeide/plugins/com.st.stm32cube.ide.mcu.externaltools.gnu-tools-for-stm32.7-2018-q2-update.win32_1.4.0.202007081208/tools/bin/../lib/gcc/arm-none-eabi/7.3.1/thumb/v6-m\libgcc.a(ledf2.o)
                0x0000000008001e5c                __ledf2
                0x0000000008001e5c                __ltdf2
 .text          0x0000000008001f2c      0x4e4 d:/data/programs/stm32cubeide/stm32cubeide_1.3.0/stm32cubeide/plugins/com.st.stm32cube.ide.mcu.externaltools.gnu-tools-for-stm32.7-2018-q2-update.win32_1.4.0.202007081208/tools/bin/../lib/gcc/arm-none-eabi/7.3.1/thumb/v6-m\libgcc.a(muldf3.o)
                0x0000000008001f2c                __aeabi_dmul
 .text          0x0000000008002410      0x690 d:/data/programs/stm32cubeide/stm32cubeide_1.3.0/stm32cubeide/plugins/com.st.stm32cube.ide.mcu.externaltools.gnu-tools-for-stm32.7-2018-q2-update.win32_1.4.0.202007081208/tools/bin/../lib/gcc/arm-none-eabi/7.3.1/thumb/v6-m\libgcc.a(subdf3.o)
                0x0000000008002410                __aeabi_dsub
 .text          0x0000000008002aa0       0x6c d:/data/programs/stm32cubeide/stm32cubeide_1.3.0/stm32cubeide/plugins/com.st.stm32cube.ide.mcu.externaltools.gnu-tools-for-stm32.7-2018-q2-update.win32_1.4.0.202007081208/tools/bin/../lib/gcc/arm-none-eabi/7.3.1/thumb/v6-m\libgcc.a(fixdfsi.o)
                0x0000000008002aa0                __aeabi_d2iz
 .text          0x0000000008002b0c       0x74 d:/data/programs/stm32cubeide/stm32cubeide_1.3.0/stm32cubeide/plugins/com.st.stm32cube.ide.mcu.externaltools.gnu-tools-for-stm32.7-2018-q2-update.win32_1.4.0.202007081208/tools/bin/../lib/gcc/arm-none-eabi/7.3.1/thumb/v6-m\libgcc.a(floatsidf.o)
                0x0000000008002b0c                __aeabi_i2d
 .text          0x0000000008002b80       0xa4 d:/data/programs/stm32cubeide/stm32cubeide_1.3.0/stm32cubeide/plugins/com.st.stm32cube.ide.mcu.externaltools.gnu-tools-for-stm32.7-2018-q2-update.win32_1.4.0.202007081208/tools/bin/../lib/gcc/arm-none-eabi/7.3.1/thumb/v6-m\libgcc.a(extendsfdf2.o)
                0x0000000008002b80                __aeabi_f2d
 .text          0x0000000008002c24      0x108 d:/data/programs/stm32cubeide/stm32cubeide_1.3.0/stm32cubeide/plugins/com.st.stm32cube.ide.mcu.externaltools.gnu-tools-for-stm32.7-2018-q2-update.win32_1.4.0.202007081208/tools/bin/../lib/gcc/arm-none-eabi/7.3.1/thumb/v6-m\libgcc.a(truncdfsf2.o)
                0x0000000008002c24                __aeabi_d2f
 .text          0x0000000008002d2c       0x3c d:/data/programs/stm32cubeide/stm32cubeide_1.3.0/stm32cubeide/plugins/com.st.stm32cube.ide.mcu.externaltools.gnu-tools-for-stm32.7-2018-q2-update.win32_1.4.0.202007081208/tools/bin/../lib/gcc/arm-none-eabi/7.3.1/thumb/v6-m\libgcc.a(_clzsi2.o)
                0x0000000008002d2c                __clzsi2
 *(.text*)
 .text.vApplicationGetIdleTaskMemory
                0x0000000008002d68       0x30 Core/Src/freertos.o
                0x0000000008002d68                vApplicationGetIdleTaskMemory
 .text.main     0x0000000008002d98      0x160 Core/Src/main.o
                0x0000000008002d98                main
 .text.SystemClock_Config
                0x0000000008002ef8       0xae Core/Src/main.o
                0x0000000008002ef8                SystemClock_Config
 *fill*         0x0000000008002fa6        0x2 
 .text.MX_ADC_Init
                0x0000000008002fa8       0xb8 Core/Src/main.o
 .text.MX_TIM2_Init
                0x0000000008003060       0xe4 Core/Src/main.o
 .text.MX_TIM3_Init
                0x0000000008003144       0xe8 Core/Src/main.o
 .text.MX_TIM16_Init
                0x000000000800322c      0x108 Core/Src/main.o
 .text.MX_TIM17_Init
                0x0000000008003334      0x108 Core/Src/main.o
 .text.MX_USART1_UART_Init
                0x000000000800343c       0x60 Core/Src/main.o
 .text.MX_GPIO_Init
                0x000000000800349c      0x104 Core/Src/main.o
 .text.StartDefaultTask
                0x00000000080035a0      0x23c Core/Src/main.o
                0x00000000080035a0                StartDefaultTask
 .text.StartWaterSensor
                0x00000000080037dc       0x98 Core/Src/main.o
                0x00000000080037dc                StartWaterSensor
 .text.StartLightSensor
                0x0000000008003874      0x24c Core/Src/main.o
                0x0000000008003874                StartLightSensor
 .text.StartDistSensor
                0x0000000008003ac0      0x244 Core/Src/main.o
                0x0000000008003ac0                StartDistSensor
 .text.StartButton
                0x0000000008003d04      0x10c Core/Src/main.o
                0x0000000008003d04                StartButton
 .text.HAL_TIM_PeriodElapsedCallback
                0x0000000008003e10       0x24 Core/Src/main.o
                0x0000000008003e10                HAL_TIM_PeriodElapsedCallback
 .text.Error_Handler
                0x0000000008003e34        0xa Core/Src/main.o
                0x0000000008003e34                Error_Handler
 *fill*         0x0000000008003e3e        0x2 
 .text.HAL_MspInit
                0x0000000008003e40       0x48 Core/Src/stm32f0xx_hal_msp.o
                0x0000000008003e40                HAL_MspInit
 .text.HAL_ADC_MspInit
                0x0000000008003e88       0x8c Core/Src/stm32f0xx_hal_msp.o
                0x0000000008003e88                HAL_ADC_MspInit
 .text.HAL_TIM_PWM_MspInit
                0x0000000008003f14       0x60 Core/Src/stm32f0xx_hal_msp.o
                0x0000000008003f14                HAL_TIM_PWM_MspInit
 .text.HAL_TIM_Base_MspInit
                0x0000000008003f74       0x6c Core/Src/stm32f0xx_hal_msp.o
                0x0000000008003f74                HAL_TIM_Base_MspInit
 .text.HAL_TIM_MspPostInit
                0x0000000008003fe0      0x190 Core/Src/stm32f0xx_hal_msp.o
                0x0000000008003fe0                HAL_TIM_MspPostInit
 .text.HAL_UART_MspInit
                0x0000000008004170       0xac Core/Src/stm32f0xx_hal_msp.o
                0x0000000008004170                HAL_UART_MspInit
 .text.HAL_InitTick
                0x000000000800421c       0xbc Core/Src/stm32f0xx_hal_timebase_tim.o
                0x000000000800421c                HAL_InitTick
 .text.NMI_Handler
                0x00000000080042d8        0xa Core/Src/stm32f0xx_it.o
                0x00000000080042d8                NMI_Handler
 .text.HardFault_Handler
                0x00000000080042e2        0x6 Core/Src/stm32f0xx_it.o
                0x00000000080042e2                HardFault_Handler
 .text.TIM1_BRK_UP_TRG_COM_IRQHandler
                0x00000000080042e8       0x18 Core/Src/stm32f0xx_it.o
                0x00000000080042e8                TIM1_BRK_UP_TRG_COM_IRQHandler
 .text.USART1_IRQHandler
                0x0000000008004300       0x18 Core/Src/stm32f0xx_it.o
                0x0000000008004300                USART1_IRQHandler
 .text.SystemInit
                0x0000000008004318        0xa Core/Src/system_stm32f0xx.o
                0x0000000008004318                SystemInit
 *fill*         0x0000000008004322        0x2 
 .text.Reset_Handler
                0x0000000008004324       0x50 Core/Startup/startup_stm32f051r8tx.o
                0x0000000008004324                Reset_Handler
 .text.Default_Handler
                0x0000000008004374        0x2 Core/Startup/startup_stm32f051r8tx.o
                0x0000000008004374                TIM1_CC_IRQHandler
                0x0000000008004374                TSC_IRQHandler
                0x0000000008004374                ADC1_COMP_IRQHandler
                0x0000000008004374                PVD_IRQHandler
                0x0000000008004374                I2C1_IRQHandler
                0x0000000008004374                RCC_CRS_IRQHandler
                0x0000000008004374                SPI1_IRQHandler
                0x0000000008004374                TIM6_DAC_IRQHandler
                0x0000000008004374                EXTI2_3_IRQHandler
                0x0000000008004374                I2C2_IRQHandler
                0x0000000008004374                TIM17_IRQHandler
                0x0000000008004374                CEC_CAN_IRQHandler
                0x0000000008004374                RTC_IRQHandler
                0x0000000008004374                TIM16_IRQHandler
                0x0000000008004374                TIM3_IRQHandler
                0x0000000008004374                EXTI4_15_IRQHandler
                0x0000000008004374                DMA1_Channel1_IRQHandler
                0x0000000008004374                Default_Handler
                0x0000000008004374                TIM14_IRQHandler
                0x0000000008004374                DMA1_Channel4_5_IRQHandler
                0x0000000008004374                TIM15_IRQHandler
                0x0000000008004374                EXTI0_1_IRQHandler
                0x0000000008004374                SPI2_IRQHandler
                0x0000000008004374                WWDG_IRQHandler
                0x0000000008004374                TIM2_IRQHandler
                0x0000000008004374                DMA1_Channel2_3_IRQHandler
                0x0000000008004374                USART2_IRQHandler
                0x0000000008004374                FLASH_IRQHandler
 *fill*         0x0000000008004376        0x2 
 .text.HAL_Init
                0x0000000008004378       0x28 Drivers/STM32F0xx_HAL_Driver/Src/stm32f0xx_hal.o
                0x0000000008004378                HAL_Init
 .text.HAL_IncTick
                0x00000000080043a0       0x24 Drivers/STM32F0xx_HAL_Driver/Src/stm32f0xx_hal.o
                0x00000000080043a0                HAL_IncTick
 .text.HAL_GetTick
                0x00000000080043c4       0x14 Drivers/STM32F0xx_HAL_Driver/Src/stm32f0xx_hal.o
                0x00000000080043c4                HAL_GetTick
 .text.HAL_ADC_Init
                0x00000000080043d8      0x280 Drivers/STM32F0xx_HAL_Driver/Src/stm32f0xx_hal_adc.o
                0x00000000080043d8                HAL_ADC_Init
 .text.HAL_ADC_Start
                0x0000000008004658       0xa8 Drivers/STM32F0xx_HAL_Driver/Src/stm32f0xx_hal_adc.o
                0x0000000008004658                HAL_ADC_Start
 .text.HAL_ADC_Stop
                0x0000000008004700       0x80 Drivers/STM32F0xx_HAL_Driver/Src/stm32f0xx_hal_adc.o
                0x0000000008004700                HAL_ADC_Stop
 .text.HAL_ADC_PollForConversion
                0x0000000008004780      0x124 Drivers/STM32F0xx_HAL_Driver/Src/stm32f0xx_hal_adc.o
                0x0000000008004780                HAL_ADC_PollForConversion
 .text.HAL_ADC_GetValue
                0x00000000080048a4       0x16 Drivers/STM32F0xx_HAL_Driver/Src/stm32f0xx_hal_adc.o
                0x00000000080048a4                HAL_ADC_GetValue
 *fill*         0x00000000080048ba        0x2 
 .text.HAL_ADC_ConfigChannel
                0x00000000080048bc      0x21c Drivers/STM32F0xx_HAL_Driver/Src/stm32f0xx_hal_adc.o
                0x00000000080048bc                HAL_ADC_ConfigChannel
 .text.ADC_Enable
                0x0000000008004ad8       0xf8 Drivers/STM32F0xx_HAL_Driver/Src/stm32f0xx_hal_adc.o
 .text.ADC_Disable
                0x0000000008004bd0       0xd4 Drivers/STM32F0xx_HAL_Driver/Src/stm32f0xx_hal_adc.o
 .text.ADC_ConversionStop
                0x0000000008004ca4       0x8c Drivers/STM32F0xx_HAL_Driver/Src/stm32f0xx_hal_adc.o
 .text.__NVIC_EnableIRQ
                0x0000000008004d30       0x34 Drivers/STM32F0xx_HAL_Driver/Src/stm32f0xx_hal_cortex.o
 .text.__NVIC_SetPriority
                0x0000000008004d64       0xdc Drivers/STM32F0xx_HAL_Driver/Src/stm32f0xx_hal_cortex.o
 .text.HAL_NVIC_SetPriority
                0x0000000008004e40       0x2a Drivers/STM32F0xx_HAL_Driver/Src/stm32f0xx_hal_cortex.o
                0x0000000008004e40                HAL_NVIC_SetPriority
 .text.HAL_NVIC_EnableIRQ
                0x0000000008004e6a       0x20 Drivers/STM32F0xx_HAL_Driver/Src/stm32f0xx_hal_cortex.o
                0x0000000008004e6a                HAL_NVIC_EnableIRQ
 .text.HAL_DMA_Abort_IT
                0x0000000008004e8a       0x8c Drivers/STM32F0xx_HAL_Driver/Src/stm32f0xx_hal_dma.o
                0x0000000008004e8a                HAL_DMA_Abort_IT
 *fill*         0x0000000008004f16        0x2 
 .text.HAL_GPIO_Init
                0x0000000008004f18      0x2e0 Drivers/STM32F0xx_HAL_Driver/Src/stm32f0xx_hal_gpio.o
                0x0000000008004f18                HAL_GPIO_Init
 .text.HAL_GPIO_ReadPin
                0x00000000080051f8       0x3a Drivers/STM32F0xx_HAL_Driver/Src/stm32f0xx_hal_gpio.o
                0x00000000080051f8                HAL_GPIO_ReadPin
 .text.HAL_GPIO_WritePin
                0x0000000008005232       0x3a Drivers/STM32F0xx_HAL_Driver/Src/stm32f0xx_hal_gpio.o
                0x0000000008005232                HAL_GPIO_WritePin
 .text.HAL_RCC_OscConfig
                0x000000000800526c      0x638 Drivers/STM32F0xx_HAL_Driver/Src/stm32f0xx_hal_rcc.o
                0x000000000800526c                HAL_RCC_OscConfig
 .text.HAL_RCC_ClockConfig
                0x00000000080058a4      0x19c Drivers/STM32F0xx_HAL_Driver/Src/stm32f0xx_hal_rcc.o
                0x00000000080058a4                HAL_RCC_ClockConfig
 .text.HAL_RCC_GetSysClockFreq
                0x0000000008005a40       0xc8 Drivers/STM32F0xx_HAL_Driver/Src/stm32f0xx_hal_rcc.o
                0x0000000008005a40                HAL_RCC_GetSysClockFreq
 .text.HAL_RCC_GetHCLKFreq
                0x0000000008005b08       0x14 Drivers/STM32F0xx_HAL_Driver/Src/stm32f0xx_hal_rcc.o
                0x0000000008005b08                HAL_RCC_GetHCLKFreq
 .text.HAL_RCC_GetPCLK1Freq
                0x0000000008005b1c       0x2c Drivers/STM32F0xx_HAL_Driver/Src/stm32f0xx_hal_rcc.o
                0x0000000008005b1c                HAL_RCC_GetPCLK1Freq
 .text.HAL_RCC_GetClockConfig
                0x0000000008005b48       0x54 Drivers/STM32F0xx_HAL_Driver/Src/stm32f0xx_hal_rcc.o
                0x0000000008005b48                HAL_RCC_GetClockConfig
 .text.HAL_RCCEx_PeriphCLKConfig
                0x0000000008005b9c      0x1bc Drivers/STM32F0xx_HAL_Driver/Src/stm32f0xx_hal_rcc_ex.o
                0x0000000008005b9c                HAL_RCCEx_PeriphCLKConfig
 .text.HAL_TIM_Base_Init
                0x0000000008005d58       0x58 Drivers/STM32F0xx_HAL_Driver/Src/stm32f0xx_hal_tim.o
                0x0000000008005d58                HAL_TIM_Base_Init
 .text.HAL_TIM_Base_Start_IT
                0x0000000008005db0       0x44 Drivers/STM32F0xx_HAL_Driver/Src/stm32f0xx_hal_tim.o
                0x0000000008005db0                HAL_TIM_Base_Start_IT
 .text.HAL_TIM_PWM_Init
                0x0000000008005df4       0x58 Drivers/STM32F0xx_HAL_Driver/Src/stm32f0xx_hal_tim.o
                0x0000000008005df4                HAL_TIM_PWM_Init
 .text.HAL_TIM_PWM_Start
                0x0000000008005e4c       0x98 Drivers/STM32F0xx_HAL_Driver/Src/stm32f0xx_hal_tim.o
                0x0000000008005e4c                HAL_TIM_PWM_Start
 .text.HAL_TIM_IRQHandler
                0x0000000008005ee4      0x22c Drivers/STM32F0xx_HAL_Driver/Src/stm32f0xx_hal_tim.o
                0x0000000008005ee4                HAL_TIM_IRQHandler
 .text.HAL_TIM_PWM_ConfigChannel
                0x0000000008006110      0x170 Drivers/STM32F0xx_HAL_Driver/Src/stm32f0xx_hal_tim.o
                0x0000000008006110                HAL_TIM_PWM_ConfigChannel
 .text.HAL_TIM_OC_DelayElapsedCallback
                0x0000000008006280       0x10 Drivers/STM32F0xx_HAL_Driver/Src/stm32f0xx_hal_tim.o
                0x0000000008006280                HAL_TIM_OC_DelayElapsedCallback
 .text.HAL_TIM_IC_CaptureCallback
                0x0000000008006290       0x10 Drivers/STM32F0xx_HAL_Driver/Src/stm32f0xx_hal_tim.o
                0x0000000008006290                HAL_TIM_IC_CaptureCallback
 .text.HAL_TIM_PWM_PulseFinishedCallback
                0x00000000080062a0       0x10 Drivers/STM32F0xx_HAL_Driver/Src/stm32f0xx_hal_tim.o
                0x00000000080062a0                HAL_TIM_PWM_PulseFinishedCallback
 .text.HAL_TIM_TriggerCallback
                0x00000000080062b0       0x10 Drivers/STM32F0xx_HAL_Driver/Src/stm32f0xx_hal_tim.o
                0x00000000080062b0                HAL_TIM_TriggerCallback
 .text.TIM_Base_SetConfig
                0x00000000080062c0      0x100 Drivers/STM32F0xx_HAL_Driver/Src/stm32f0xx_hal_tim.o
                0x00000000080062c0                TIM_Base_SetConfig
 .text.TIM_OC1_SetConfig
                0x00000000080063c0      0x110 Drivers/STM32F0xx_HAL_Driver/Src/stm32f0xx_hal_tim.o
 .text.TIM_OC2_SetConfig
                0x00000000080064d0      0x108 Drivers/STM32F0xx_HAL_Driver/Src/stm32f0xx_hal_tim.o
                0x00000000080064d0                TIM_OC2_SetConfig
 .text.TIM_OC3_SetConfig
                0x00000000080065d8      0x10c Drivers/STM32F0xx_HAL_Driver/Src/stm32f0xx_hal_tim.o
 .text.TIM_OC4_SetConfig
                0x00000000080066e4       0xd4 Drivers/STM32F0xx_HAL_Driver/Src/stm32f0xx_hal_tim.o
 .text.TIM_CCxChannelCmd
                0x00000000080067b8       0x46 Drivers/STM32F0xx_HAL_Driver/Src/stm32f0xx_hal_tim.o
                0x00000000080067b8                TIM_CCxChannelCmd
 *fill*         0x00000000080067fe        0x2 
 .text.HAL_TIMEx_MasterConfigSynchronization
                0x0000000008006800       0xbc Drivers/STM32F0xx_HAL_Driver/Src/stm32f0xx_hal_tim_ex.o
                0x0000000008006800                HAL_TIMEx_MasterConfigSynchronization
 .text.HAL_TIMEx_ConfigBreakDeadTime
                0x00000000080068bc       0xbc Drivers/STM32F0xx_HAL_Driver/Src/stm32f0xx_hal_tim_ex.o
                0x00000000080068bc                HAL_TIMEx_ConfigBreakDeadTime
 .text.HAL_TIMEx_CommutCallback
                0x0000000008006978       0x10 Drivers/STM32F0xx_HAL_Driver/Src/stm32f0xx_hal_tim_ex.o
                0x0000000008006978                HAL_TIMEx_CommutCallback
 .text.HAL_TIMEx_BreakCallback
                0x0000000008006988       0x10 Drivers/STM32F0xx_HAL_Driver/Src/stm32f0xx_hal_tim_ex.o
                0x0000000008006988                HAL_TIMEx_BreakCallback
 .text.HAL_UART_Init
                0x0000000008006998       0xa8 Drivers/STM32F0xx_HAL_Driver/Src/stm32f0xx_hal_uart.o
                0x0000000008006998                HAL_UART_Init
 .text.HAL_UART_Transmit
                0x0000000008006a40      0x150 Drivers/STM32F0xx_HAL_Driver/Src/stm32f0xx_hal_uart.o
                0x0000000008006a40                HAL_UART_Transmit
 .text.HAL_UART_IRQHandler
                0x0000000008006b90      0x278 Drivers/STM32F0xx_HAL_Driver/Src/stm32f0xx_hal_uart.o
                0x0000000008006b90                HAL_UART_IRQHandler
 .text.HAL_UART_TxCpltCallback
                0x0000000008006e08       0x10 Drivers/STM32F0xx_HAL_Driver/Src/stm32f0xx_hal_uart.o
                0x0000000008006e08                HAL_UART_TxCpltCallback
 .text.HAL_UART_ErrorCallback
                0x0000000008006e18       0x10 Drivers/STM32F0xx_HAL_Driver/Src/stm32f0xx_hal_uart.o
                0x0000000008006e18                HAL_UART_ErrorCallback
 .text.UART_SetConfig
                0x0000000008006e28      0x30c Drivers/STM32F0xx_HAL_Driver/Src/stm32f0xx_hal_uart.o
                0x0000000008006e28                UART_SetConfig
 .text.UART_AdvFeatureConfig
                0x0000000008007134      0x168 Drivers/STM32F0xx_HAL_Driver/Src/stm32f0xx_hal_uart.o
                0x0000000008007134                UART_AdvFeatureConfig
 .text.UART_CheckIdleState
                0x000000000800729c       0x8c Drivers/STM32F0xx_HAL_Driver/Src/stm32f0xx_hal_uart.o
                0x000000000800729c                UART_CheckIdleState
 .text.UART_WaitOnFlagUntilTimeout
                0x0000000008007328       0xfc Drivers/STM32F0xx_HAL_Driver/Src/stm32f0xx_hal_uart.o
                0x0000000008007328                UART_WaitOnFlagUntilTimeout
 .text.UART_EndRxTransfer
                0x0000000008007424       0x40 Drivers/STM32F0xx_HAL_Driver/Src/stm32f0xx_hal_uart.o
 .text.UART_DMAAbortOnError
                0x0000000008007464       0x2e Drivers/STM32F0xx_HAL_Driver/Src/stm32f0xx_hal_uart.o
 .text.UART_EndTransmit_IT
                0x0000000008007492       0x34 Drivers/STM32F0xx_HAL_Driver/Src/stm32f0xx_hal_uart.o
 .text.HAL_UARTEx_WakeupCallback
                0x00000000080074c6       0x10 Drivers/STM32F0xx_HAL_Driver/Src/stm32f0xx_hal_uart_ex.o
                0x00000000080074c6                HAL_UARTEx_WakeupCallback
 .text.makeFreeRtosPriority
                0x00000000080074d6       0x32 Middlewares/Third_Party/FreeRTOS/Source/CMSIS_RTOS/cmsis_os.o
 .text.osKernelStart
                0x0000000008007508       0x10 Middlewares/Third_Party/FreeRTOS/Source/CMSIS_RTOS/cmsis_os.o
                0x0000000008007508                osKernelStart
 .text.osThreadCreate
                0x0000000008007518       0x9a Middlewares/Third_Party/FreeRTOS/Source/CMSIS_RTOS/cmsis_os.o
                0x0000000008007518                osThreadCreate
 .text.osDelay  0x00000000080075b2       0x28 Middlewares/Third_Party/FreeRTOS/Source/CMSIS_RTOS/cmsis_os.o
                0x00000000080075b2                osDelay
 .text.vListInitialise
                0x00000000080075da       0x3c Middlewares/Third_Party/FreeRTOS/Source/list.o
                0x00000000080075da                vListInitialise
 .text.vListInitialiseItem
                0x0000000008007616       0x16 Middlewares/Third_Party/FreeRTOS/Source/list.o
                0x0000000008007616                vListInitialiseItem
 .text.vListInsertEnd
                0x000000000800762c       0x44 Middlewares/Third_Party/FreeRTOS/Source/list.o
                0x000000000800762c                vListInsertEnd
 .text.vListInsert
                0x0000000008007670       0x6c Middlewares/Third_Party/FreeRTOS/Source/list.o
                0x0000000008007670                vListInsert
 .text.uxListRemove
                0x00000000080076dc       0x50 Middlewares/Third_Party/FreeRTOS/Source/list.o
                0x00000000080076dc                uxListRemove
 .text.xTaskCreateStatic
                0x000000000800772c       0x86 Middlewares/Third_Party/FreeRTOS/Source/tasks.o
                0x000000000800772c                xTaskCreateStatic
 .text.xTaskCreate
                0x00000000080077b2       0x98 Middlewares/Third_Party/FreeRTOS/Source/tasks.o
                0x00000000080077b2                xTaskCreate
 *fill*         0x000000000800784a        0x2 
 .text.prvInitialiseNewTask
                0x000000000800784c       0xf4 Middlewares/Third_Party/FreeRTOS/Source/tasks.o
 .text.prvAddNewTaskToReadyList
                0x0000000008007940       0xc8 Middlewares/Third_Party/FreeRTOS/Source/tasks.o
 .text.vTaskDelay
                0x0000000008007a08       0x4c Middlewares/Third_Party/FreeRTOS/Source/tasks.o
                0x0000000008007a08                vTaskDelay
 .text.vTaskStartScheduler
                0x0000000008007a54       0x9c Middlewares/Third_Party/FreeRTOS/Source/tasks.o
                0x0000000008007a54                vTaskStartScheduler
 .text.vTaskSuspendAll
                0x0000000008007af0       0x18 Middlewares/Third_Party/FreeRTOS/Source/tasks.o
                0x0000000008007af0                vTaskSuspendAll
 .text.xTaskResumeAll
                0x0000000008007b08      0x118 Middlewares/Third_Party/FreeRTOS/Source/tasks.o
                0x0000000008007b08                xTaskResumeAll
 .text.xTaskIncrementTick
                0x0000000008007c20      0x168 Middlewares/Third_Party/FreeRTOS/Source/tasks.o
                0x0000000008007c20                xTaskIncrementTick
 .text.vTaskSwitchContext
                0x0000000008007d88       0xa4 Middlewares/Third_Party/FreeRTOS/Source/tasks.o
                0x0000000008007d88                vTaskSwitchContext
 .text.prvIdleTask
                0x0000000008007e2c       0x20 Middlewares/Third_Party/FreeRTOS/Source/tasks.o
 .text.prvInitialiseTaskLists
                0x0000000008007e4c       0x88 Middlewares/Third_Party/FreeRTOS/Source/tasks.o
 .text.prvCheckTasksWaitingTermination
                0x0000000008007ed4       0x5c Middlewares/Third_Party/FreeRTOS/Source/tasks.o
 .text.prvDeleteTCB
                0x0000000008007f30       0x50 Middlewares/Third_Party/FreeRTOS/Source/tasks.o
 .text.prvResetNextTaskUnblockTime
                0x0000000008007f80       0x48 Middlewares/Third_Party/FreeRTOS/Source/tasks.o
 .text.prvAddCurrentTaskToDelayedList
                0x0000000008007fc8       0xa8 Middlewares/Third_Party/FreeRTOS/Source/tasks.o
 .text.pxPortInitialiseStack
                0x0000000008008070       0x54 Middlewares/Third_Party/FreeRTOS/Source/portable/GCC/ARM_CM0/port.o
                0x0000000008008070                pxPortInitialiseStack
 .text.prvTaskExitError
                0x00000000080080c4       0x2c Middlewares/Third_Party/FreeRTOS/Source/portable/GCC/ARM_CM0/port.o
 .text.SVC_Handler
                0x00000000080080f0        0xa Middlewares/Third_Party/FreeRTOS/Source/portable/GCC/ARM_CM0/port.o
                0x00000000080080f0                SVC_Handler
 *fill*         0x00000000080080fa        0x6 
 .text.vPortStartFirstTask
                0x0000000008008100       0x38 Middlewares/Third_Party/FreeRTOS/Source/portable/GCC/ARM_CM0/port.o
 .text.xPortStartScheduler
                0x0000000008008138       0x48 Middlewares/Third_Party/FreeRTOS/Source/portable/GCC/ARM_CM0/port.o
                0x0000000008008138                xPortStartScheduler
 .text.vPortYield
                0x0000000008008180       0x20 Middlewares/Third_Party/FreeRTOS/Source/portable/GCC/ARM_CM0/port.o
                0x0000000008008180                vPortYield
 .text.vPortEnterCritical
                0x00000000080081a0       0x24 Middlewares/Third_Party/FreeRTOS/Source/portable/GCC/ARM_CM0/port.o
                0x00000000080081a0                vPortEnterCritical
 .text.vPortExitCritical
                0x00000000080081c4       0x30 Middlewares/Third_Party/FreeRTOS/Source/portable/GCC/ARM_CM0/port.o
                0x00000000080081c4                vPortExitCritical
 .text.ulSetInterruptMaskFromISR
                0x00000000080081f4        0xc Middlewares/Third_Party/FreeRTOS/Source/portable/GCC/ARM_CM0/port.o
                0x00000000080081f4                ulSetInterruptMaskFromISR
 .text.vClearInterruptMaskFromISR
                0x0000000008008200        0x8 Middlewares/Third_Party/FreeRTOS/Source/portable/GCC/ARM_CM0/port.o
                0x0000000008008200                vClearInterruptMaskFromISR
 *fill*         0x0000000008008208        0x8 
 .text.PendSV_Handler
                0x0000000008008210       0x48 Middlewares/Third_Party/FreeRTOS/Source/portable/GCC/ARM_CM0/port.o
                0x0000000008008210                PendSV_Handler
 .text.SysTick_Handler
                0x0000000008008258       0x34 Middlewares/Third_Party/FreeRTOS/Source/portable/GCC/ARM_CM0/port.o
                0x0000000008008258                SysTick_Handler
 .text.prvSetupTimerInterrupt
                0x000000000800828c       0x44 Middlewares/Third_Party/FreeRTOS/Source/portable/GCC/ARM_CM0/port.o
 .text.pvPortMalloc
                0x00000000080082d0      0x14c Middlewares/Third_Party/FreeRTOS/Source/portable/MemMang/heap_4.o
                0x00000000080082d0                pvPortMalloc
 .text.vPortFree
                0x000000000800841c       0x90 Middlewares/Third_Party/FreeRTOS/Source/portable/MemMang/heap_4.o
                0x000000000800841c                vPortFree
 .text.prvHeapInit
                0x00000000080084ac       0xc0 Middlewares/Third_Party/FreeRTOS/Source/portable/MemMang/heap_4.o
 .text.prvInsertBlockIntoFreeList
                0x000000000800856c       0xb0 Middlewares/Third_Party/FreeRTOS/Source/portable/MemMang/heap_4.o
 .text.__errno  0x000000000800861c        0xc d:/data/programs/stm32cubeide/stm32cubeide_1.3.0/stm32cubeide/plugins/com.st.stm32cube.ide.mcu.externaltools.gnu-tools-for-stm32.7-2018-q2-update.win32_1.4.0.202007081208/tools/bin/../lib/gcc/arm-none-eabi/7.3.1/../../../../arm-none-eabi/lib/thumb/v6-m\libc_nano.a(lib_a-errno.o)
                0x000000000800861c                __errno
 .text.__libc_init_array
                0x0000000008008628       0x48 d:/data/programs/stm32cubeide/stm32cubeide_1.3.0/stm32cubeide/plugins/com.st.stm32cube.ide.mcu.externaltools.gnu-tools-for-stm32.7-2018-q2-update.win32_1.4.0.202007081208/tools/bin/../lib/gcc/arm-none-eabi/7.3.1/../../../../arm-none-eabi/lib/thumb/v6-m\libc_nano.a(lib_a-init.o)
                0x0000000008008628                __libc_init_array
 .text.memset   0x0000000008008670       0x10 d:/data/programs/stm32cubeide/stm32cubeide_1.3.0/stm32cubeide/plugins/com.st.stm32cube.ide.mcu.externaltools.gnu-tools-for-stm32.7-2018-q2-update.win32_1.4.0.202007081208/tools/bin/../lib/gcc/arm-none-eabi/7.3.1/../../../../arm-none-eabi/lib/thumb/v6-m\libc_nano.a(lib_a-memset.o)
                0x0000000008008670                memset
 .text.powf     0x0000000008008680      0x330 d:/data/programs/stm32cubeide/stm32cubeide_1.3.0/stm32cubeide/plugins/com.st.stm32cube.ide.mcu.externaltools.gnu-tools-for-stm32.7-2018-q2-update.win32_1.4.0.202007081208/tools/bin/../lib/gcc/arm-none-eabi/7.3.1/../../../../arm-none-eabi/lib/thumb/v6-m\libm.a(lib_a-wf_pow.o)
                0x0000000008008680                powf
 .text.__ieee754_powf
                0x00000000080089b0      0x69c d:/data/programs/stm32cubeide/stm32cubeide_1.3.0/stm32cubeide/plugins/com.st.stm32cube.ide.mcu.externaltools.gnu-tools-for-stm32.7-2018-q2-update.win32_1.4.0.202007081208/tools/bin/../lib/gcc/arm-none-eabi/7.3.1/../../../../arm-none-eabi/lib/thumb/v6-m\libm.a(lib_a-ef_pow.o)
                0x00000000080089b0                __ieee754_powf
 .text.__ieee754_sqrtf
                0x000000000800904c       0xb0 d:/data/programs/stm32cubeide/stm32cubeide_1.3.0/stm32cubeide/plugins/com.st.stm32cube.ide.mcu.externaltools.gnu-tools-for-stm32.7-2018-q2-update.win32_1.4.0.202007081208/tools/bin/../lib/gcc/arm-none-eabi/7.3.1/../../../../arm-none-eabi/lib/thumb/v6-m\libm.a(lib_a-ef_sqrt.o)
                0x000000000800904c                __ieee754_sqrtf
 .text.matherr  0x00000000080090fc        0x4 d:/data/programs/stm32cubeide/stm32cubeide_1.3.0/stm32cubeide/plugins/com.st.stm32cube.ide.mcu.externaltools.gnu-tools-for-stm32.7-2018-q2-update.win32_1.4.0.202007081208/tools/bin/../lib/gcc/arm-none-eabi/7.3.1/../../../../arm-none-eabi/lib/thumb/v6-m\libm.a(lib_a-s_matherr.o)
                0x00000000080090fc                matherr
 .text.fabsf    0x0000000008009100        0x6 d:/data/programs/stm32cubeide/stm32cubeide_1.3.0/stm32cubeide/plugins/com.st.stm32cube.ide.mcu.externaltools.gnu-tools-for-stm32.7-2018-q2-update.win32_1.4.0.202007081208/tools/bin/../lib/gcc/arm-none-eabi/7.3.1/../../../../arm-none-eabi/lib/thumb/v6-m\libm.a(lib_a-sf_fabs.o)
                0x0000000008009100                fabsf
 *fill*         0x0000000008009106        0x2 
 .text.finitef  0x0000000008009108       0x14 d:/data/programs/stm32cubeide/stm32cubeide_1.3.0/stm32cubeide/plugins/com.st.stm32cube.ide.mcu.externaltools.gnu-tools-for-stm32.7-2018-q2-update.win32_1.4.0.202007081208/tools/bin/../lib/gcc/arm-none-eabi/7.3.1/../../../../arm-none-eabi/lib/thumb/v6-m\libm.a(lib_a-sf_finite.o)
                0x0000000008009108                finitef
 .text.nanf     0x000000000800911c        0x8 d:/data/programs/stm32cubeide/stm32cubeide_1.3.0/stm32cubeide/plugins/com.st.stm32cube.ide.mcu.externaltools.gnu-tools-for-stm32.7-2018-q2-update.win32_1.4.0.202007081208/tools/bin/../lib/gcc/arm-none-eabi/7.3.1/../../../../arm-none-eabi/lib/thumb/v6-m\libm.a(lib_a-sf_nan.o)
                0x000000000800911c                nanf
 .text.rintf    0x0000000008009124       0x9c d:/data/programs/stm32cubeide/stm32cubeide_1.3.0/stm32cubeide/plugins/com.st.stm32cube.ide.mcu.externaltools.gnu-tools-for-stm32.7-2018-q2-update.win32_1.4.0.202007081208/tools/bin/../lib/gcc/arm-none-eabi/7.3.1/../../../../arm-none-eabi/lib/thumb/v6-m\libm.a(lib_a-sf_rint.o)
                0x0000000008009124                rintf
 .text.scalbnf  0x00000000080091c0       0xa4 d:/data/programs/stm32cubeide/stm32cubeide_1.3.0/stm32cubeide/plugins/com.st.stm32cube.ide.mcu.externaltools.gnu-tools-for-stm32.7-2018-q2-update.win32_1.4.0.202007081208/tools/bin/../lib/gcc/arm-none-eabi/7.3.1/../../../../arm-none-eabi/lib/thumb/v6-m\libm.a(lib_a-sf_scalbn.o)
                0x00000000080091c0                scalbnf
 .text.copysignf
                0x0000000008009264        0xc d:/data/programs/stm32cubeide/stm32cubeide_1.3.0/stm32cubeide/plugins/com.st.stm32cube.ide.mcu.externaltools.gnu-tools-for-stm32.7-2018-q2-update.win32_1.4.0.202007081208/tools/bin/../lib/gcc/arm-none-eabi/7.3.1/../../../../arm-none-eabi/lib/thumb/v6-m\libm.a(lib_a-sf_copysign.o)
                0x0000000008009264                copysignf
 *(.glue_7)
 .glue_7        0x0000000008009270        0x0 linker stubs
 *(.glue_7t)
 .glue_7t       0x0000000008009270        0x0 linker stubs
 *(.eh_frame)
 .eh_frame      0x0000000008009270        0x0 d:/data/programs/stm32cubeide/stm32cubeide_1.3.0/stm32cubeide/plugins/com.st.stm32cube.ide.mcu.externaltools.gnu-tools-for-stm32.7-2018-q2-update.win32_1.4.0.202007081208/tools/bin/../lib/gcc/arm-none-eabi/7.3.1/thumb/v6-m/crtbegin.o
 *(.init)
 .init          0x0000000008009270        0x4 d:/data/programs/stm32cubeide/stm32cubeide_1.3.0/stm32cubeide/plugins/com.st.stm32cube.ide.mcu.externaltools.gnu-tools-for-stm32.7-2018-q2-update.win32_1.4.0.202007081208/tools/bin/../lib/gcc/arm-none-eabi/7.3.1/thumb/v6-m/crti.o
                0x0000000008009270                _init
 .init          0x0000000008009274        0x8 d:/data/programs/stm32cubeide/stm32cubeide_1.3.0/stm32cubeide/plugins/com.st.stm32cube.ide.mcu.externaltools.gnu-tools-for-stm32.7-2018-q2-update.win32_1.4.0.202007081208/tools/bin/../lib/gcc/arm-none-eabi/7.3.1/thumb/v6-m/crtn.o
 *(.fini)
 .fini          0x000000000800927c        0x4 d:/data/programs/stm32cubeide/stm32cubeide_1.3.0/stm32cubeide/plugins/com.st.stm32cube.ide.mcu.externaltools.gnu-tools-for-stm32.7-2018-q2-update.win32_1.4.0.202007081208/tools/bin/../lib/gcc/arm-none-eabi/7.3.1/thumb/v6-m/crti.o
                0x000000000800927c                _fini
 .fini          0x0000000008009280        0x8 d:/data/programs/stm32cubeide/stm32cubeide_1.3.0/stm32cubeide/plugins/com.st.stm32cube.ide.mcu.externaltools.gnu-tools-for-stm32.7-2018-q2-update.win32_1.4.0.202007081208/tools/bin/../lib/gcc/arm-none-eabi/7.3.1/thumb/v6-m/crtn.o
                0x0000000008009288                . = ALIGN (0x4)
                0x0000000008009288                _etext = .

.vfp11_veneer   0x0000000008009288        0x0
 .vfp11_veneer  0x0000000008009288        0x0 linker stubs

.v4_bx          0x0000000008009288        0x0
 .v4_bx         0x0000000008009288        0x0 linker stubs

.iplt           0x0000000008009288        0x0
 .iplt          0x0000000008009288        0x0 d:/data/programs/stm32cubeide/stm32cubeide_1.3.0/stm32cubeide/plugins/com.st.stm32cube.ide.mcu.externaltools.gnu-tools-for-stm32.7-2018-q2-update.win32_1.4.0.202007081208/tools/bin/../lib/gcc/arm-none-eabi/7.3.1/thumb/v6-m/crtbegin.o

.rodata         0x0000000008009288      0x32c
                0x0000000008009288                . = ALIGN (0x4)
 *(.rodata)
 .rodata        0x0000000008009288      0x183 Core/Src/main.o
 *fill*         0x000000000800940b        0x1 
 .rodata        0x000000000800940c       0x20 Drivers/STM32F0xx_HAL_Driver/Src/stm32f0xx_hal_rcc.o
 .rodata        0x000000000800942c        0x5 Middlewares/Third_Party/FreeRTOS/Source/tasks.o
 *fill*         0x0000000008009431        0x3 
 .rodata        0x0000000008009434       0x80 d:/data/programs/stm32cubeide/stm32cubeide_1.3.0/stm32cubeide/plugins/com.st.stm32cube.ide.mcu.externaltools.gnu-tools-for-stm32.7-2018-q2-update.win32_1.4.0.202007081208/tools/bin/../lib/gcc/arm-none-eabi/7.3.1/thumb/v6-m\libgcc.a(divsf3.o)
 .rodata        0x00000000080094b4       0x40 d:/data/programs/stm32cubeide/stm32cubeide_1.3.0/stm32cubeide/plugins/com.st.stm32cube.ide.mcu.externaltools.gnu-tools-for-stm32.7-2018-q2-update.win32_1.4.0.202007081208/tools/bin/../lib/gcc/arm-none-eabi/7.3.1/thumb/v6-m\libgcc.a(mulsf3.o)
 .rodata        0x00000000080094f4       0x40 d:/data/programs/stm32cubeide/stm32cubeide_1.3.0/stm32cubeide/plugins/com.st.stm32cube.ide.mcu.externaltools.gnu-tools-for-stm32.7-2018-q2-update.win32_1.4.0.202007081208/tools/bin/../lib/gcc/arm-none-eabi/7.3.1/thumb/v6-m\libgcc.a(divdf3.o)
 .rodata        0x0000000008009534       0x40 d:/data/programs/stm32cubeide/stm32cubeide_1.3.0/stm32cubeide/plugins/com.st.stm32cube.ide.mcu.externaltools.gnu-tools-for-stm32.7-2018-q2-update.win32_1.4.0.202007081208/tools/bin/../lib/gcc/arm-none-eabi/7.3.1/thumb/v6-m\libgcc.a(muldf3.o)
 *(.rodata*)
 .rodata.AHBPrescTable
                0x0000000008009574       0x10 Core/Src/system_stm32f0xx.o
                0x0000000008009574                AHBPrescTable
 .rodata.APBPrescTable
                0x0000000008009584        0x8 Core/Src/system_stm32f0xx.o
                0x0000000008009584                APBPrescTable
 .rodata.powf.str1.1
                0x000000000800958c        0x5 d:/data/programs/stm32cubeide/stm32cubeide_1.3.0/stm32cubeide/plugins/com.st.stm32cube.ide.mcu.externaltools.gnu-tools-for-stm32.7-2018-q2-update.win32_1.4.0.202007081208/tools/bin/../lib/gcc/arm-none-eabi/7.3.1/../../../../arm-none-eabi/lib/thumb/v6-m\libm.a(lib_a-wf_pow.o)
 .rodata.__ieee754_powf.str1.1
                0x0000000008009591        0x5 d:/data/programs/stm32cubeide/stm32cubeide_1.3.0/stm32cubeide/plugins/com.st.stm32cube.ide.mcu.externaltools.gnu-tools-for-stm32.7-2018-q2-update.win32_1.4.0.202007081208/tools/bin/../lib/gcc/arm-none-eabi/7.3.1/../../../../arm-none-eabi/lib/thumb/v6-m\libm.a(lib_a-ef_pow.o)
                                          0x1 (size before relaxing)
 *fill*         0x0000000008009591        0x3 
 .rodata.bp     0x0000000008009594        0x8 d:/data/programs/stm32cubeide/stm32cubeide_1.3.0/stm32cubeide/plugins/com.st.stm32cube.ide.mcu.externaltools.gnu-tools-for-stm32.7-2018-q2-update.win32_1.4.0.202007081208/tools/bin/../lib/gcc/arm-none-eabi/7.3.1/../../../../arm-none-eabi/lib/thumb/v6-m\libm.a(lib_a-ef_pow.o)
 .rodata.dp_h   0x000000000800959c        0x8 d:/data/programs/stm32cubeide/stm32cubeide_1.3.0/stm32cubeide/plugins/com.st.stm32cube.ide.mcu.externaltools.gnu-tools-for-stm32.7-2018-q2-update.win32_1.4.0.202007081208/tools/bin/../lib/gcc/arm-none-eabi/7.3.1/../../../../arm-none-eabi/lib/thumb/v6-m\libm.a(lib_a-ef_pow.o)
 .rodata.dp_l   0x00000000080095a4        0x8 d:/data/programs/stm32cubeide/stm32cubeide_1.3.0/stm32cubeide/plugins/com.st.stm32cube.ide.mcu.externaltools.gnu-tools-for-stm32.7-2018-q2-update.win32_1.4.0.202007081208/tools/bin/../lib/gcc/arm-none-eabi/7.3.1/../../../../arm-none-eabi/lib/thumb/v6-m\libm.a(lib_a-ef_pow.o)
 .rodata.TWO23  0x00000000080095ac        0x8 d:/data/programs/stm32cubeide/stm32cubeide_1.3.0/stm32cubeide/plugins/com.st.stm32cube.ide.mcu.externaltools.gnu-tools-for-stm32.7-2018-q2-update.win32_1.4.0.202007081208/tools/bin/../lib/gcc/arm-none-eabi/7.3.1/../../../../arm-none-eabi/lib/thumb/v6-m\libm.a(lib_a-sf_rint.o)
                0x00000000080095b4                . = ALIGN (0x4)

.rel.dyn        0x00000000080095b4        0x0
 .rel.iplt      0x00000000080095b4        0x0 d:/data/programs/stm32cubeide/stm32cubeide_1.3.0/stm32cubeide/plugins/com.st.stm32cube.ide.mcu.externaltools.gnu-tools-for-stm32.7-2018-q2-update.win32_1.4.0.202007081208/tools/bin/../lib/gcc/arm-none-eabi/7.3.1/thumb/v6-m/crtbegin.o

.ARM.extab      0x00000000080095b4        0x0
                0x00000000080095b4                . = ALIGN (0x4)
 *(.ARM.extab* .gnu.linkonce.armextab.*)
                0x00000000080095b4                . = ALIGN (0x4)

.ARM            0x00000000080095b4        0x0
                0x00000000080095b4                . = ALIGN (0x4)
                0x00000000080095b4                __exidx_start = .
 *(.ARM.exidx*)
                0x00000000080095b4                __exidx_end = .
                0x00000000080095b4                . = ALIGN (0x4)

.preinit_array  0x00000000080095b4        0x0
                0x00000000080095b4                . = ALIGN (0x4)
                0x00000000080095b4                PROVIDE (__preinit_array_start = .)
 *(.preinit_array*)
                0x00000000080095b4                PROVIDE (__preinit_array_end = .)
                0x00000000080095b4                . = ALIGN (0x4)

.init_array     0x00000000080095b4        0x4
                0x00000000080095b4                . = ALIGN (0x4)
                0x00000000080095b4                PROVIDE (__init_array_start = .)
 *(SORT_BY_NAME(.init_array.*))
 *(.init_array*)
 .init_array    0x00000000080095b4        0x4 d:/data/programs/stm32cubeide/stm32cubeide_1.3.0/stm32cubeide/plugins/com.st.stm32cube.ide.mcu.externaltools.gnu-tools-for-stm32.7-2018-q2-update.win32_1.4.0.202007081208/tools/bin/../lib/gcc/arm-none-eabi/7.3.1/thumb/v6-m/crtbegin.o
                0x00000000080095b8                PROVIDE (__init_array_end = .)
                0x00000000080095b8                . = ALIGN (0x4)

.fini_array     0x00000000080095b8        0x4
                0x00000000080095b8                . = ALIGN (0x4)
                [!provide]                        PROVIDE (__fini_array_start = .)
 *(SORT_BY_NAME(.fini_array.*))
 *(.fini_array*)
 .fini_array    0x00000000080095b8        0x4 d:/data/programs/stm32cubeide/stm32cubeide_1.3.0/stm32cubeide/plugins/com.st.stm32cube.ide.mcu.externaltools.gnu-tools-for-stm32.7-2018-q2-update.win32_1.4.0.202007081208/tools/bin/../lib/gcc/arm-none-eabi/7.3.1/thumb/v6-m/crtbegin.o
                [!provide]                        PROVIDE (__fini_array_end = .)
                0x00000000080095bc                . = ALIGN (0x4)
                0x00000000080095bc                _sidata = LOADADDR (.data)

.data           0x0000000020000000       0x78 load address 0x00000000080095bc
                0x0000000020000000                . = ALIGN (0x4)
                0x0000000020000000                _sdata = .
 *(.data)
 *(.data*)
 .data.led_max_power
                0x0000000020000000        0x4 Core/Src/main.o
                0x0000000020000000                led_max_power
 .data.SystemCoreClock
                0x0000000020000004        0x4 Core/Src/system_stm32f0xx.o
                0x0000000020000004                SystemCoreClock
 .data.uwTickFreq
                0x0000000020000008        0x1 Drivers/STM32F0xx_HAL_Driver/Src/stm32f0xx_hal.o
                0x0000000020000008                uwTickFreq
 *fill*         0x0000000020000009        0x3 
 .data.uxCriticalNesting
                0x000000002000000c        0x4 Middlewares/Third_Party/FreeRTOS/Source/portable/GCC/ARM_CM0/port.o
 .data._impure_ptr
                0x0000000020000010        0x4 d:/data/programs/stm32cubeide/stm32cubeide_1.3.0/stm32cubeide/plugins/com.st.stm32cube.ide.mcu.externaltools.gnu-tools-for-stm32.7-2018-q2-update.win32_1.4.0.202007081208/tools/bin/../lib/gcc/arm-none-eabi/7.3.1/../../../../arm-none-eabi/lib/thumb/v6-m\libc_nano.a(lib_a-impure.o)
                0x0000000020000010                _impure_ptr
 .data.impure_data
                0x0000000020000014       0x60 d:/data/programs/stm32cubeide/stm32cubeide_1.3.0/stm32cubeide/plugins/com.st.stm32cube.ide.mcu.externaltools.gnu-tools-for-stm32.7-2018-q2-update.win32_1.4.0.202007081208/tools/bin/../lib/gcc/arm-none-eabi/7.3.1/../../../../arm-none-eabi/lib/thumb/v6-m\libc_nano.a(lib_a-impure.o)
 .data.__fdlib_version
                0x0000000020000074        0x1 d:/data/programs/stm32cubeide/stm32cubeide_1.3.0/stm32cubeide/plugins/com.st.stm32cube.ide.mcu.externaltools.gnu-tools-for-stm32.7-2018-q2-update.win32_1.4.0.202007081208/tools/bin/../lib/gcc/arm-none-eabi/7.3.1/../../../../arm-none-eabi/lib/thumb/v6-m\libm.a(lib_a-s_lib_ver.o)
                0x0000000020000074                __fdlib_version
                0x0000000020000078                . = ALIGN (0x4)
 *fill*         0x0000000020000075        0x3 
                0x0000000020000078                _edata = .

.igot.plt       0x0000000020000078        0x0 load address 0x0000000008009634
 .igot.plt      0x0000000020000078        0x0 d:/data/programs/stm32cubeide/stm32cubeide_1.3.0/stm32cubeide/plugins/com.st.stm32cube.ide.mcu.externaltools.gnu-tools-for-stm32.7-2018-q2-update.win32_1.4.0.202007081208/tools/bin/../lib/gcc/arm-none-eabi/7.3.1/thumb/v6-m/crtbegin.o
                0x0000000020000078                . = ALIGN (0x4)

.bss            0x0000000020000078     0x151c load address 0x0000000008009634
                0x0000000020000078                _sbss = .
                0x0000000020000078                __bss_start__ = _sbss
 *(.bss)
 .bss           0x0000000020000078       0x1c d:/data/programs/stm32cubeide/stm32cubeide_1.3.0/stm32cubeide/plugins/com.st.stm32cube.ide.mcu.externaltools.gnu-tools-for-stm32.7-2018-q2-update.win32_1.4.0.202007081208/tools/bin/../lib/gcc/arm-none-eabi/7.3.1/thumb/v6-m/crtbegin.o
 *(.bss*)
 .bss.xIdleTaskTCBBuffer
                0x0000000020000094       0x54 Core/Src/freertos.o
 .bss.xIdleStack
                0x00000000200000e8      0x200 Core/Src/freertos.o
 .bss.light     0x00000000200002e8        0x4 Core/Src/main.o
                0x00000000200002e8                light
 .bss.rain      0x00000000200002ec        0x4 Core/Src/main.o
                0x00000000200002ec                rain
 .bss.distance  0x00000000200002f0        0x4 Core/Src/main.o
                0x00000000200002f0                distance
 .bss.OPERATOR  0x00000000200002f4        0x4 Core/Src/main.o
                0x00000000200002f4                OPERATOR
 .bss.LED       0x00000000200002f8        0x4 Core/Src/main.o
                0x00000000200002f8                LED
 .bss.pxCurrentTCB
                0x00000000200002fc        0x4 Middlewares/Third_Party/FreeRTOS/Source/tasks.o
                0x00000000200002fc                pxCurrentTCB
 .bss.pxReadyTasksLists
                0x0000000020000300       0x8c Middlewares/Third_Party/FreeRTOS/Source/tasks.o
 .bss.xDelayedTaskList1
                0x000000002000038c       0x14 Middlewares/Third_Party/FreeRTOS/Source/tasks.o
 .bss.xDelayedTaskList2
                0x00000000200003a0       0x14 Middlewares/Third_Party/FreeRTOS/Source/tasks.o
 .bss.pxDelayedTaskList
                0x00000000200003b4        0x4 Middlewares/Third_Party/FreeRTOS/Source/tasks.o
 .bss.pxOverflowDelayedTaskList
                0x00000000200003b8        0x4 Middlewares/Third_Party/FreeRTOS/Source/tasks.o
 .bss.xPendingReadyList
                0x00000000200003bc       0x14 Middlewares/Third_Party/FreeRTOS/Source/tasks.o
 .bss.xTasksWaitingTermination
                0x00000000200003d0       0x14 Middlewares/Third_Party/FreeRTOS/Source/tasks.o
 .bss.uxDeletedTasksWaitingCleanUp
                0x00000000200003e4        0x4 Middlewares/Third_Party/FreeRTOS/Source/tasks.o
 .bss.xSuspendedTaskList
                0x00000000200003e8       0x14 Middlewares/Third_Party/FreeRTOS/Source/tasks.o
 .bss.uxCurrentNumberOfTasks
                0x00000000200003fc        0x4 Middlewares/Third_Party/FreeRTOS/Source/tasks.o
 .bss.xTickCount
                0x0000000020000400        0x4 Middlewares/Third_Party/FreeRTOS/Source/tasks.o
 .bss.uxTopReadyPriority
                0x0000000020000404        0x4 Middlewares/Third_Party/FreeRTOS/Source/tasks.o
 .bss.xSchedulerRunning
                0x0000000020000408        0x4 Middlewares/Third_Party/FreeRTOS/Source/tasks.o
 .bss.uxPendedTicks
                0x000000002000040c        0x4 Middlewares/Third_Party/FreeRTOS/Source/tasks.o
 .bss.xYieldPending
                0x0000000020000410        0x4 Middlewares/Third_Party/FreeRTOS/Source/tasks.o
 .bss.xNumOfOverflows
                0x0000000020000414        0x4 Middlewares/Third_Party/FreeRTOS/Source/tasks.o
 .bss.uxTaskNumber
                0x0000000020000418        0x4 Middlewares/Third_Party/FreeRTOS/Source/tasks.o
 .bss.xNextTaskUnblockTime
                0x000000002000041c        0x4 Middlewares/Third_Party/FreeRTOS/Source/tasks.o
 .bss.xIdleTaskHandle
                0x0000000020000420        0x4 Middlewares/Third_Party/FreeRTOS/Source/tasks.o
 .bss.uxSchedulerSuspended
                0x0000000020000424        0x4 Middlewares/Third_Party/FreeRTOS/Source/tasks.o
 .bss.ucHeap    0x0000000020000428      0xf00 Middlewares/Third_Party/FreeRTOS/Source/portable/MemMang/heap_4.o
 .bss.xStart    0x0000000020001328        0x8 Middlewares/Third_Party/FreeRTOS/Source/portable/MemMang/heap_4.o
 .bss.pxEnd     0x0000000020001330        0x4 Middlewares/Third_Party/FreeRTOS/Source/portable/MemMang/heap_4.o
 .bss.xFreeBytesRemaining
                0x0000000020001334        0x4 Middlewares/Third_Party/FreeRTOS/Source/portable/MemMang/heap_4.o
 .bss.xMinimumEverFreeBytesRemaining
                0x0000000020001338        0x4 Middlewares/Third_Party/FreeRTOS/Source/portable/MemMang/heap_4.o
 .bss.xBlockAllocatedBit
                0x000000002000133c        0x4 Middlewares/Third_Party/FreeRTOS/Source/portable/MemMang/heap_4.o
 *(COMMON)
 COMMON         0x0000000020001340      0x210 Core/Src/main.o
                0x0000000020001340                defaultTaskHandle
                0x0000000020001344                led_power
                0x0000000020001360                lightSensorHandle
                0x0000000020001364                htim17
                0x00000000200013a4                waterSensorHandle
                0x00000000200013a8                htim3
                0x00000000200013e8                huart1
                0x0000000020001468                buttonHandle
                0x000000002000146c                transmitBuffer
                0x000000002000148c                distanceSensorHandle
                0x0000000020001490                htim2
                0x00000000200014d0                hadc
                0x0000000020001510                htim16
 COMMON         0x0000000020001550       0x40 Core/Src/stm32f0xx_hal_timebase_tim.o
                0x0000000020001550                htim1
 COMMON         0x0000000020001590        0x4 Drivers/STM32F0xx_HAL_Driver/Src/stm32f0xx_hal.o
                0x0000000020001590                uwTick
                0x0000000020001594                . = ALIGN (0x4)
                0x0000000020001594                _ebss = .
                0x0000000020001594                __bss_end__ = _ebss

._user_heap_stack
                0x0000000020001594      0x604 load address 0x0000000008009634
                0x0000000020001598                . = ALIGN (0x8)
 *fill*         0x0000000020001594        0x4 
                [!provide]                        PROVIDE (end = .)
                0x0000000020001598                PROVIDE (_end = .)
                0x0000000020001798                . = (. + _Min_Heap_Size)
 *fill*         0x0000000020001598      0x200 
                0x0000000020001b98                . = (. + _Min_Stack_Size)
 *fill*         0x0000000020001798      0x400 
                0x0000000020001b98                . = ALIGN (0x8)

/DISCARD/
 libc.a(*)
 libm.a(*)
 libgcc.a(*)

.ARM.attributes
                0x0000000000000000       0x28
 *(.ARM.attributes)
 .ARM.attributes
                0x0000000000000000       0x1e d:/data/programs/stm32cubeide/stm32cubeide_1.3.0/stm32cubeide/plugins/com.st.stm32cube.ide.mcu.externaltools.gnu-tools-for-stm32.7-2018-q2-update.win32_1.4.0.202007081208/tools/bin/../lib/gcc/arm-none-eabi/7.3.1/thumb/v6-m/crti.o
 .ARM.attributes
                0x000000000000001e       0x2c d:/data/programs/stm32cubeide/stm32cubeide_1.3.0/stm32cubeide/plugins/com.st.stm32cube.ide.mcu.externaltools.gnu-tools-for-stm32.7-2018-q2-update.win32_1.4.0.202007081208/tools/bin/../lib/gcc/arm-none-eabi/7.3.1/thumb/v6-m/crtbegin.o
 .ARM.attributes
                0x000000000000004a       0x31 Core/Src/freertos.o
 .ARM.attributes
                0x000000000000007b       0x31 Core/Src/main.o
 .ARM.attributes
                0x00000000000000ac       0x31 Core/Src/stm32f0xx_hal_msp.o
 .ARM.attributes
                0x00000000000000dd       0x31 Core/Src/stm32f0xx_hal_timebase_tim.o
 .ARM.attributes
                0x000000000000010e       0x31 Core/Src/stm32f0xx_it.o
 .ARM.attributes
                0x000000000000013f       0x31 Core/Src/system_stm32f0xx.o
 .ARM.attributes
                0x0000000000000170       0x21 Core/Startup/startup_stm32f051r8tx.o
 .ARM.attributes
                0x0000000000000191       0x31 Drivers/STM32F0xx_HAL_Driver/Src/stm32f0xx_hal.o
 .ARM.attributes
                0x00000000000001c2       0x31 Drivers/STM32F0xx_HAL_Driver/Src/stm32f0xx_hal_adc.o
 .ARM.attributes
                0x00000000000001f3       0x31 Drivers/STM32F0xx_HAL_Driver/Src/stm32f0xx_hal_cortex.o
 .ARM.attributes
                0x0000000000000224       0x31 Drivers/STM32F0xx_HAL_Driver/Src/stm32f0xx_hal_dma.o
 .ARM.attributes
                0x0000000000000255       0x31 Drivers/STM32F0xx_HAL_Driver/Src/stm32f0xx_hal_gpio.o
 .ARM.attributes
                0x0000000000000286       0x31 Drivers/STM32F0xx_HAL_Driver/Src/stm32f0xx_hal_rcc.o
 .ARM.attributes
                0x00000000000002b7       0x31 Drivers/STM32F0xx_HAL_Driver/Src/stm32f0xx_hal_rcc_ex.o
 .ARM.attributes
                0x00000000000002e8       0x31 Drivers/STM32F0xx_HAL_Driver/Src/stm32f0xx_hal_tim.o
 .ARM.attributes
                0x0000000000000319       0x31 Drivers/STM32F0xx_HAL_Driver/Src/stm32f0xx_hal_tim_ex.o
 .ARM.attributes
                0x000000000000034a       0x31 Drivers/STM32F0xx_HAL_Driver/Src/stm32f0xx_hal_uart.o
 .ARM.attributes
                0x000000000000037b       0x31 Drivers/STM32F0xx_HAL_Driver/Src/stm32f0xx_hal_uart_ex.o
 .ARM.attributes
                0x00000000000003ac       0x31 Middlewares/Third_Party/FreeRTOS/Source/CMSIS_RTOS/cmsis_os.o
 .ARM.attributes
                0x00000000000003dd       0x31 Middlewares/Third_Party/FreeRTOS/Source/list.o
 .ARM.attributes
                0x000000000000040e       0x31 Middlewares/Third_Party/FreeRTOS/Source/tasks.o
 .ARM.attributes
                0x000000000000043f       0x31 Middlewares/Third_Party/FreeRTOS/Source/portable/GCC/ARM_CM0/port.o
 .ARM.attributes
                0x0000000000000470       0x31 Middlewares/Third_Party/FreeRTOS/Source/portable/MemMang/heap_4.o
 .ARM.attributes
                0x00000000000004a1       0x2c d:/data/programs/stm32cubeide/stm32cubeide_1.3.0/stm32cubeide/plugins/com.st.stm32cube.ide.mcu.externaltools.gnu-tools-for-stm32.7-2018-q2-update.win32_1.4.0.202007081208/tools/bin/../lib/gcc/arm-none-eabi/7.3.1/../../../../arm-none-eabi/lib/thumb/v6-m\libc_nano.a(lib_a-errno.o)
 .ARM.attributes
                0x00000000000004cd       0x2c d:/data/programs/stm32cubeide/stm32cubeide_1.3.0/stm32cubeide/plugins/com.st.stm32cube.ide.mcu.externaltools.gnu-tools-for-stm32.7-2018-q2-update.win32_1.4.0.202007081208/tools/bin/../lib/gcc/arm-none-eabi/7.3.1/../../../../arm-none-eabi/lib/thumb/v6-m\libc_nano.a(lib_a-impure.o)
 .ARM.attributes
                0x00000000000004f9       0x2c d:/data/programs/stm32cubeide/stm32cubeide_1.3.0/stm32cubeide/plugins/com.st.stm32cube.ide.mcu.externaltools.gnu-tools-for-stm32.7-2018-q2-update.win32_1.4.0.202007081208/tools/bin/../lib/gcc/arm-none-eabi/7.3.1/../../../../arm-none-eabi/lib/thumb/v6-m\libc_nano.a(lib_a-init.o)
 .ARM.attributes
                0x0000000000000525       0x2c d:/data/programs/stm32cubeide/stm32cubeide_1.3.0/stm32cubeide/plugins/com.st.stm32cube.ide.mcu.externaltools.gnu-tools-for-stm32.7-2018-q2-update.win32_1.4.0.202007081208/tools/bin/../lib/gcc/arm-none-eabi/7.3.1/../../../../arm-none-eabi/lib/thumb/v6-m\libc_nano.a(lib_a-memset.o)
 .ARM.attributes
                0x0000000000000551       0x2c d:/data/programs/stm32cubeide/stm32cubeide_1.3.0/stm32cubeide/plugins/com.st.stm32cube.ide.mcu.externaltools.gnu-tools-for-stm32.7-2018-q2-update.win32_1.4.0.202007081208/tools/bin/../lib/gcc/arm-none-eabi/7.3.1/../../../../arm-none-eabi/lib/thumb/v6-m\libm.a(lib_a-wf_pow.o)
 .ARM.attributes
                0x000000000000057d       0x2c d:/data/programs/stm32cubeide/stm32cubeide_1.3.0/stm32cubeide/plugins/com.st.stm32cube.ide.mcu.externaltools.gnu-tools-for-stm32.7-2018-q2-update.win32_1.4.0.202007081208/tools/bin/../lib/gcc/arm-none-eabi/7.3.1/../../../../arm-none-eabi/lib/thumb/v6-m\libm.a(lib_a-ef_pow.o)
 .ARM.attributes
                0x00000000000005a9       0x2c d:/data/programs/stm32cubeide/stm32cubeide_1.3.0/stm32cubeide/plugins/com.st.stm32cube.ide.mcu.externaltools.gnu-tools-for-stm32.7-2018-q2-update.win32_1.4.0.202007081208/tools/bin/../lib/gcc/arm-none-eabi/7.3.1/../../../../arm-none-eabi/lib/thumb/v6-m\libm.a(lib_a-ef_sqrt.o)
 .ARM.attributes
                0x00000000000005d5       0x2c d:/data/programs/stm32cubeide/stm32cubeide_1.3.0/stm32cubeide/plugins/com.st.stm32cube.ide.mcu.externaltools.gnu-tools-for-stm32.7-2018-q2-update.win32_1.4.0.202007081208/tools/bin/../lib/gcc/arm-none-eabi/7.3.1/../../../../arm-none-eabi/lib/thumb/v6-m\libm.a(lib_a-s_lib_ver.o)
 .ARM.attributes
                0x0000000000000601       0x2c d:/data/programs/stm32cubeide/stm32cubeide_1.3.0/stm32cubeide/plugins/com.st.stm32cube.ide.mcu.externaltools.gnu-tools-for-stm32.7-2018-q2-update.win32_1.4.0.202007081208/tools/bin/../lib/gcc/arm-none-eabi/7.3.1/../../../../arm-none-eabi/lib/thumb/v6-m\libm.a(lib_a-s_matherr.o)
 .ARM.attributes
                0x000000000000062d       0x2c d:/data/programs/stm32cubeide/stm32cubeide_1.3.0/stm32cubeide/plugins/com.st.stm32cube.ide.mcu.externaltools.gnu-tools-for-stm32.7-2018-q2-update.win32_1.4.0.202007081208/tools/bin/../lib/gcc/arm-none-eabi/7.3.1/../../../../arm-none-eabi/lib/thumb/v6-m\libm.a(lib_a-sf_fabs.o)
 .ARM.attributes
                0x0000000000000659       0x2c d:/data/programs/stm32cubeide/stm32cubeide_1.3.0/stm32cubeide/plugins/com.st.stm32cube.ide.mcu.externaltools.gnu-tools-for-stm32.7-2018-q2-update.win32_1.4.0.202007081208/tools/bin/../lib/gcc/arm-none-eabi/7.3.1/../../../../arm-none-eabi/lib/thumb/v6-m\libm.a(lib_a-sf_finite.o)
 .ARM.attributes
                0x0000000000000685       0x2c d:/data/programs/stm32cubeide/stm32cubeide_1.3.0/stm32cubeide/plugins/com.st.stm32cube.ide.mcu.externaltools.gnu-tools-for-stm32.7-2018-q2-update.win32_1.4.0.202007081208/tools/bin/../lib/gcc/arm-none-eabi/7.3.1/../../../../arm-none-eabi/lib/thumb/v6-m\libm.a(lib_a-sf_nan.o)
 .ARM.attributes
                0x00000000000006b1       0x2c d:/data/programs/stm32cubeide/stm32cubeide_1.3.0/stm32cubeide/plugins/com.st.stm32cube.ide.mcu.externaltools.gnu-tools-for-stm32.7-2018-q2-update.win32_1.4.0.202007081208/tools/bin/../lib/gcc/arm-none-eabi/7.3.1/../../../../arm-none-eabi/lib/thumb/v6-m\libm.a(lib_a-sf_rint.o)
 .ARM.attributes
                0x00000000000006dd       0x2c d:/data/programs/stm32cubeide/stm32cubeide_1.3.0/stm32cubeide/plugins/com.st.stm32cube.ide.mcu.externaltools.gnu-tools-for-stm32.7-2018-q2-update.win32_1.4.0.202007081208/tools/bin/../lib/gcc/arm-none-eabi/7.3.1/../../../../arm-none-eabi/lib/thumb/v6-m\libm.a(lib_a-sf_scalbn.o)
 .ARM.attributes
                0x0000000000000709       0x2c d:/data/programs/stm32cubeide/stm32cubeide_1.3.0/stm32cubeide/plugins/com.st.stm32cube.ide.mcu.externaltools.gnu-tools-for-stm32.7-2018-q2-update.win32_1.4.0.202007081208/tools/bin/../lib/gcc/arm-none-eabi/7.3.1/../../../../arm-none-eabi/lib/thumb/v6-m\libm.a(lib_a-sf_copysign.o)
 .ARM.attributes
                0x0000000000000735       0x1e d:/data/programs/stm32cubeide/stm32cubeide_1.3.0/stm32cubeide/plugins/com.st.stm32cube.ide.mcu.externaltools.gnu-tools-for-stm32.7-2018-q2-update.win32_1.4.0.202007081208/tools/bin/../lib/gcc/arm-none-eabi/7.3.1/thumb/v6-m\libgcc.a(_udivsi3.o)
 .ARM.attributes
                0x0000000000000753       0x1e d:/data/programs/stm32cubeide/stm32cubeide_1.3.0/stm32cubeide/plugins/com.st.stm32cube.ide.mcu.externaltools.gnu-tools-for-stm32.7-2018-q2-update.win32_1.4.0.202007081208/tools/bin/../lib/gcc/arm-none-eabi/7.3.1/thumb/v6-m\libgcc.a(_dvmd_tls.o)
 .ARM.attributes
                0x0000000000000771       0x1e d:/data/programs/stm32cubeide/stm32cubeide_1.3.0/stm32cubeide/plugins/com.st.stm32cube.ide.mcu.externaltools.gnu-tools-for-stm32.7-2018-q2-update.win32_1.4.0.202007081208/tools/bin/../lib/gcc/arm-none-eabi/7.3.1/thumb/v6-m\libgcc.a(_arm_cmpdf2.o)
 .ARM.attributes
                0x000000000000078f       0x1e d:/data/programs/stm32cubeide/stm32cubeide_1.3.0/stm32cubeide/plugins/com.st.stm32cube.ide.mcu.externaltools.gnu-tools-for-stm32.7-2018-q2-update.win32_1.4.0.202007081208/tools/bin/../lib/gcc/arm-none-eabi/7.3.1/thumb/v6-m\libgcc.a(_arm_cmpsf2.o)
 .ARM.attributes
                0x00000000000007ad       0x2c d:/data/programs/stm32cubeide/stm32cubeide_1.3.0/stm32cubeide/plugins/com.st.stm32cube.ide.mcu.externaltools.gnu-tools-for-stm32.7-2018-q2-update.win32_1.4.0.202007081208/tools/bin/../lib/gcc/arm-none-eabi/7.3.1/thumb/v6-m\libgcc.a(addsf3.o)
 .ARM.attributes
                0x00000000000007d9       0x2c d:/data/programs/stm32cubeide/stm32cubeide_1.3.0/stm32cubeide/plugins/com.st.stm32cube.ide.mcu.externaltools.gnu-tools-for-stm32.7-2018-q2-update.win32_1.4.0.202007081208/tools/bin/../lib/gcc/arm-none-eabi/7.3.1/thumb/v6-m\libgcc.a(divsf3.o)
 .ARM.attributes
                0x0000000000000805       0x2c d:/data/programs/stm32cubeide/stm32cubeide_1.3.0/stm32cubeide/plugins/com.st.stm32cube.ide.mcu.externaltools.gnu-tools-for-stm32.7-2018-q2-update.win32_1.4.0.202007081208/tools/bin/../lib/gcc/arm-none-eabi/7.3.1/thumb/v6-m\libgcc.a(eqsf2.o)
 .ARM.attributes
                0x0000000000000831       0x2c d:/data/programs/stm32cubeide/stm32cubeide_1.3.0/stm32cubeide/plugins/com.st.stm32cube.ide.mcu.externaltools.gnu-tools-for-stm32.7-2018-q2-update.win32_1.4.0.202007081208/tools/bin/../lib/gcc/arm-none-eabi/7.3.1/thumb/v6-m\libgcc.a(gesf2.o)
 .ARM.attributes
                0x000000000000085d       0x2c d:/data/programs/stm32cubeide/stm32cubeide_1.3.0/stm32cubeide/plugins/com.st.stm32cube.ide.mcu.externaltools.gnu-tools-for-stm32.7-2018-q2-update.win32_1.4.0.202007081208/tools/bin/../lib/gcc/arm-none-eabi/7.3.1/thumb/v6-m\libgcc.a(lesf2.o)
 .ARM.attributes
                0x0000000000000889       0x2c d:/data/programs/stm32cubeide/stm32cubeide_1.3.0/stm32cubeide/plugins/com.st.stm32cube.ide.mcu.externaltools.gnu-tools-for-stm32.7-2018-q2-update.win32_1.4.0.202007081208/tools/bin/../lib/gcc/arm-none-eabi/7.3.1/thumb/v6-m\libgcc.a(mulsf3.o)
 .ARM.attributes
                0x00000000000008b5       0x2c d:/data/programs/stm32cubeide/stm32cubeide_1.3.0/stm32cubeide/plugins/com.st.stm32cube.ide.mcu.externaltools.gnu-tools-for-stm32.7-2018-q2-update.win32_1.4.0.202007081208/tools/bin/../lib/gcc/arm-none-eabi/7.3.1/thumb/v6-m\libgcc.a(subsf3.o)
 .ARM.attributes
                0x00000000000008e1       0x2c d:/data/programs/stm32cubeide/stm32cubeide_1.3.0/stm32cubeide/plugins/com.st.stm32cube.ide.mcu.externaltools.gnu-tools-for-stm32.7-2018-q2-update.win32_1.4.0.202007081208/tools/bin/../lib/gcc/arm-none-eabi/7.3.1/thumb/v6-m\libgcc.a(unordsf2.o)
 .ARM.attributes
                0x000000000000090d       0x2c d:/data/programs/stm32cubeide/stm32cubeide_1.3.0/stm32cubeide/plugins/com.st.stm32cube.ide.mcu.externaltools.gnu-tools-for-stm32.7-2018-q2-update.win32_1.4.0.202007081208/tools/bin/../lib/gcc/arm-none-eabi/7.3.1/thumb/v6-m\libgcc.a(fixsfsi.o)
 .ARM.attributes
                0x0000000000000939       0x2c d:/data/programs/stm32cubeide/stm32cubeide_1.3.0/stm32cubeide/plugins/com.st.stm32cube.ide.mcu.externaltools.gnu-tools-for-stm32.7-2018-q2-update.win32_1.4.0.202007081208/tools/bin/../lib/gcc/arm-none-eabi/7.3.1/thumb/v6-m\libgcc.a(floatsisf.o)
 .ARM.attributes
                0x0000000000000965       0x2c d:/data/programs/stm32cubeide/stm32cubeide_1.3.0/stm32cubeide/plugins/com.st.stm32cube.ide.mcu.externaltools.gnu-tools-for-stm32.7-2018-q2-update.win32_1.4.0.202007081208/tools/bin/../lib/gcc/arm-none-eabi/7.3.1/thumb/v6-m\libgcc.a(adddf3.o)
 .ARM.attributes
                0x0000000000000991       0x2c d:/data/programs/stm32cubeide/stm32cubeide_1.3.0/stm32cubeide/plugins/com.st.stm32cube.ide.mcu.externaltools.gnu-tools-for-stm32.7-2018-q2-update.win32_1.4.0.202007081208/tools/bin/../lib/gcc/arm-none-eabi/7.3.1/thumb/v6-m\libgcc.a(divdf3.o)
 .ARM.attributes
                0x00000000000009bd       0x2c d:/data/programs/stm32cubeide/stm32cubeide_1.3.0/stm32cubeide/plugins/com.st.stm32cube.ide.mcu.externaltools.gnu-tools-for-stm32.7-2018-q2-update.win32_1.4.0.202007081208/tools/bin/../lib/gcc/arm-none-eabi/7.3.1/thumb/v6-m\libgcc.a(eqdf2.o)
 .ARM.attributes
                0x00000000000009e9       0x2c d:/data/programs/stm32cubeide/stm32cubeide_1.3.0/stm32cubeide/plugins/com.st.stm32cube.ide.mcu.externaltools.gnu-tools-for-stm32.7-2018-q2-update.win32_1.4.0.202007081208/tools/bin/../lib/gcc/arm-none-eabi/7.3.1/thumb/v6-m\libgcc.a(gedf2.o)
 .ARM.attributes
                0x0000000000000a15       0x2c d:/data/programs/stm32cubeide/stm32cubeide_1.3.0/stm32cubeide/plugins/com.st.stm32cube.ide.mcu.externaltools.gnu-tools-for-stm32.7-2018-q2-update.win32_1.4.0.202007081208/tools/bin/../lib/gcc/arm-none-eabi/7.3.1/thumb/v6-m\libgcc.a(ledf2.o)
 .ARM.attributes
                0x0000000000000a41       0x2c d:/data/programs/stm32cubeide/stm32cubeide_1.3.0/stm32cubeide/plugins/com.st.stm32cube.ide.mcu.externaltools.gnu-tools-for-stm32.7-2018-q2-update.win32_1.4.0.202007081208/tools/bin/../lib/gcc/arm-none-eabi/7.3.1/thumb/v6-m\libgcc.a(muldf3.o)
 .ARM.attributes
                0x0000000000000a6d       0x2c d:/data/programs/stm32cubeide/stm32cubeide_1.3.0/stm32cubeide/plugins/com.st.stm32cube.ide.mcu.externaltools.gnu-tools-for-stm32.7-2018-q2-update.win32_1.4.0.202007081208/tools/bin/../lib/gcc/arm-none-eabi/7.3.1/thumb/v6-m\libgcc.a(subdf3.o)
 .ARM.attributes
                0x0000000000000a99       0x2c d:/data/programs/stm32cubeide/stm32cubeide_1.3.0/stm32cubeide/plugins/com.st.stm32cube.ide.mcu.externaltools.gnu-tools-for-stm32.7-2018-q2-update.win32_1.4.0.202007081208/tools/bin/../lib/gcc/arm-none-eabi/7.3.1/thumb/v6-m\libgcc.a(fixdfsi.o)
 .ARM.attributes
                0x0000000000000ac5       0x2c d:/data/programs/stm32cubeide/stm32cubeide_1.3.0/stm32cubeide/plugins/com.st.stm32cube.ide.mcu.externaltools.gnu-tools-for-stm32.7-2018-q2-update.win32_1.4.0.202007081208/tools/bin/../lib/gcc/arm-none-eabi/7.3.1/thumb/v6-m\libgcc.a(floatsidf.o)
 .ARM.attributes
                0x0000000000000af1       0x2c d:/data/programs/stm32cubeide/stm32cubeide_1.3.0/stm32cubeide/plugins/com.st.stm32cube.ide.mcu.externaltools.gnu-tools-for-stm32.7-2018-q2-update.win32_1.4.0.202007081208/tools/bin/../lib/gcc/arm-none-eabi/7.3.1/thumb/v6-m\libgcc.a(extendsfdf2.o)
 .ARM.attributes
                0x0000000000000b1d       0x2c d:/data/programs/stm32cubeide/stm32cubeide_1.3.0/stm32cubeide/plugins/com.st.stm32cube.ide.mcu.externaltools.gnu-tools-for-stm32.7-2018-q2-update.win32_1.4.0.202007081208/tools/bin/../lib/gcc/arm-none-eabi/7.3.1/thumb/v6-m\libgcc.a(truncdfsf2.o)
 .ARM.attributes
                0x0000000000000b49       0x1e d:/data/programs/stm32cubeide/stm32cubeide_1.3.0/stm32cubeide/plugins/com.st.stm32cube.ide.mcu.externaltools.gnu-tools-for-stm32.7-2018-q2-update.win32_1.4.0.202007081208/tools/bin/../lib/gcc/arm-none-eabi/7.3.1/thumb/v6-m\libgcc.a(_clzsi2.o)
 .ARM.attributes
                0x0000000000000b67       0x1e d:/data/programs/stm32cubeide/stm32cubeide_1.3.0/stm32cubeide/plugins/com.st.stm32cube.ide.mcu.externaltools.gnu-tools-for-stm32.7-2018-q2-update.win32_1.4.0.202007081208/tools/bin/../lib/gcc/arm-none-eabi/7.3.1/thumb/v6-m/crtn.o
OUTPUT(001-LED.elf elf32-littlearm)

.debug_info     0x0000000000000000    0x12368
 .debug_info    0x0000000000000000      0x320 Core/Src/freertos.o
 .debug_info    0x0000000000000320     0x1f9a Core/Src/main.o
 .debug_info    0x00000000000022ba     0x1077 Core/Src/stm32f0xx_hal_msp.o
 .debug_info    0x0000000000003331      0x88a Core/Src/stm32f0xx_hal_timebase_tim.o
 .debug_info    0x0000000000003bbb      0x91c Core/Src/stm32f0xx_it.o
 .debug_info    0x00000000000044d7      0x29e Core/Src/system_stm32f0xx.o
 .debug_info    0x0000000000004775       0x22 Core/Startup/startup_stm32f051r8tx.o
 .debug_info    0x0000000000004797      0x6a8 Drivers/STM32F0xx_HAL_Driver/Src/stm32f0xx_hal.o
 .debug_info    0x0000000000004e3f      0xc9f Drivers/STM32F0xx_HAL_Driver/Src/stm32f0xx_hal_adc.o
 .debug_info    0x0000000000005ade      0x77a Drivers/STM32F0xx_HAL_Driver/Src/stm32f0xx_hal_cortex.o
 .debug_info    0x0000000000006258      0x79f Drivers/STM32F0xx_HAL_Driver/Src/stm32f0xx_hal_dma.o
 .debug_info    0x00000000000069f7      0x682 Drivers/STM32F0xx_HAL_Driver/Src/stm32f0xx_hal_gpio.o
 .debug_info    0x0000000000007079      0x821 Drivers/STM32F0xx_HAL_Driver/Src/stm32f0xx_hal_rcc.o
 .debug_info    0x000000000000789a      0x3d8 Drivers/STM32F0xx_HAL_Driver/Src/stm32f0xx_hal_rcc_ex.o
 .debug_info    0x0000000000007c72     0x2522 Drivers/STM32F0xx_HAL_Driver/Src/stm32f0xx_hal_tim.o
 .debug_info    0x000000000000a194     0x10e6 Drivers/STM32F0xx_HAL_Driver/Src/stm32f0xx_hal_tim_ex.o
 .debug_info    0x000000000000b27a     0x156d Drivers/STM32F0xx_HAL_Driver/Src/stm32f0xx_hal_uart.o
 .debug_info    0x000000000000c7e7      0x872 Drivers/STM32F0xx_HAL_Driver/Src/stm32f0xx_hal_uart_ex.o
 .debug_info    0x000000000000d059     0x1dd6 Middlewares/Third_Party/FreeRTOS/Source/CMSIS_RTOS/cmsis_os.o
 .debug_info    0x000000000000ee2f      0xac5 Middlewares/Third_Party/FreeRTOS/Source/list.o
 .debug_info    0x000000000000f8f4     0x1cf0 Middlewares/Third_Party/FreeRTOS/Source/tasks.o
 .debug_info    0x00000000000115e4      0x26b Middlewares/Third_Party/FreeRTOS/Source/portable/GCC/ARM_CM0/port.o
 .debug_info    0x000000000001184f      0xb19 Middlewares/Third_Party/FreeRTOS/Source/portable/MemMang/heap_4.o

.debug_abbrev   0x0000000000000000     0x2b98
 .debug_abbrev  0x0000000000000000      0x109 Core/Src/freertos.o
 .debug_abbrev  0x0000000000000109      0x2c2 Core/Src/main.o
 .debug_abbrev  0x00000000000003cb      0x212 Core/Src/stm32f0xx_hal_msp.o
 .debug_abbrev  0x00000000000005dd      0x1ac Core/Src/stm32f0xx_hal_timebase_tim.o
 .debug_abbrev  0x0000000000000789      0x169 Core/Src/stm32f0xx_it.o
 .debug_abbrev  0x00000000000008f2      0x12b Core/Src/system_stm32f0xx.o
 .debug_abbrev  0x0000000000000a1d       0x12 Core/Startup/startup_stm32f051r8tx.o
 .debug_abbrev  0x0000000000000a2f      0x1f2 Drivers/STM32F0xx_HAL_Driver/Src/stm32f0xx_hal.o
 .debug_abbrev  0x0000000000000c21      0x1cf Drivers/STM32F0xx_HAL_Driver/Src/stm32f0xx_hal_adc.o
 .debug_abbrev  0x0000000000000df0      0x273 Drivers/STM32F0xx_HAL_Driver/Src/stm32f0xx_hal_cortex.o
 .debug_abbrev  0x0000000000001063      0x1ed Drivers/STM32F0xx_HAL_Driver/Src/stm32f0xx_hal_dma.o
 .debug_abbrev  0x0000000000001250      0x1c0 Drivers/STM32F0xx_HAL_Driver/Src/stm32f0xx_hal_gpio.o
 .debug_abbrev  0x0000000000001410      0x20f Drivers/STM32F0xx_HAL_Driver/Src/stm32f0xx_hal_rcc.o
 .debug_abbrev  0x000000000000161f      0x175 Drivers/STM32F0xx_HAL_Driver/Src/stm32f0xx_hal_rcc_ex.o
 .debug_abbrev  0x0000000000001794      0x23f Drivers/STM32F0xx_HAL_Driver/Src/stm32f0xx_hal_tim.o
 .debug_abbrev  0x00000000000019d3      0x22d Drivers/STM32F0xx_HAL_Driver/Src/stm32f0xx_hal_tim_ex.o
 .debug_abbrev  0x0000000000001c00      0x214 Drivers/STM32F0xx_HAL_Driver/Src/stm32f0xx_hal_uart.o
 .debug_abbrev  0x0000000000001e14      0x1f1 Drivers/STM32F0xx_HAL_Driver/Src/stm32f0xx_hal_uart_ex.o
 .debug_abbrev  0x0000000000002005      0x305 Middlewares/Third_Party/FreeRTOS/Source/CMSIS_RTOS/cmsis_os.o
 .debug_abbrev  0x000000000000230a      0x1cf Middlewares/Third_Party/FreeRTOS/Source/list.o
 .debug_abbrev  0x00000000000024d9      0x2de Middlewares/Third_Party/FreeRTOS/Source/tasks.o
 .debug_abbrev  0x00000000000027b7      0x1a4 Middlewares/Third_Party/FreeRTOS/Source/portable/GCC/ARM_CM0/port.o
 .debug_abbrev  0x000000000000295b      0x23d Middlewares/Third_Party/FreeRTOS/Source/portable/MemMang/heap_4.o

.debug_aranges  0x0000000000000000     0x11f0
 .debug_aranges
                0x0000000000000000       0x20 Core/Src/freertos.o
 .debug_aranges
                0x0000000000000020       0x98 Core/Src/main.o
 .debug_aranges
                0x00000000000000b8       0x68 Core/Src/stm32f0xx_hal_msp.o
 .debug_aranges
                0x0000000000000120       0x30 Core/Src/stm32f0xx_hal_timebase_tim.o
 .debug_aranges
                0x0000000000000150       0x38 Core/Src/stm32f0xx_it.o
 .debug_aranges
                0x0000000000000188       0x28 Core/Src/system_stm32f0xx.o
 .debug_aranges
                0x00000000000001b0       0x28 Core/Startup/startup_stm32f051r8tx.o
 .debug_aranges
                0x00000000000001d8       0xd0 Drivers/STM32F0xx_HAL_Driver/Src/stm32f0xx_hal.o
 .debug_aranges
                0x00000000000002a8       0xf8 Drivers/STM32F0xx_HAL_Driver/Src/stm32f0xx_hal_adc.o
 .debug_aranges
                0x00000000000003a0       0xc0 Drivers/STM32F0xx_HAL_Driver/Src/stm32f0xx_hal_cortex.o
 .debug_aranges
                0x0000000000000460       0x88 Drivers/STM32F0xx_HAL_Driver/Src/stm32f0xx_hal_dma.o
 .debug_aranges
                0x00000000000004e8       0x58 Drivers/STM32F0xx_HAL_Driver/Src/stm32f0xx_hal_gpio.o
 .debug_aranges
                0x0000000000000540       0x80 Drivers/STM32F0xx_HAL_Driver/Src/stm32f0xx_hal_rcc.o
 .debug_aranges
                0x00000000000005c0       0x30 Drivers/STM32F0xx_HAL_Driver/Src/stm32f0xx_hal_rcc_ex.o
 .debug_aranges
                0x00000000000005f0      0x3b8 Drivers/STM32F0xx_HAL_Driver/Src/stm32f0xx_hal_tim.o
 .debug_aranges
                0x00000000000009a8      0x150 Drivers/STM32F0xx_HAL_Driver/Src/stm32f0xx_hal_tim_ex.o
 .debug_aranges
                0x0000000000000af8      0x210 Drivers/STM32F0xx_HAL_Driver/Src/stm32f0xx_hal_uart.o
 .debug_aranges
                0x0000000000000d08       0x50 Drivers/STM32F0xx_HAL_Driver/Src/stm32f0xx_hal_uart_ex.o
 .debug_aranges
                0x0000000000000d58      0x1d8 Middlewares/Third_Party/FreeRTOS/Source/CMSIS_RTOS/cmsis_os.o
 .debug_aranges
                0x0000000000000f30       0x40 Middlewares/Third_Party/FreeRTOS/Source/list.o
 .debug_aranges
                0x0000000000000f70      0x1a8 Middlewares/Third_Party/FreeRTOS/Source/tasks.o
 .debug_aranges
                0x0000000000001118       0x88 Middlewares/Third_Party/FreeRTOS/Source/portable/GCC/ARM_CM0/port.o
 .debug_aranges
                0x00000000000011a0       0x50 Middlewares/Third_Party/FreeRTOS/Source/portable/MemMang/heap_4.o

.debug_ranges   0x0000000000000000     0x1088
 .debug_ranges  0x0000000000000000       0x10 Core/Src/freertos.o
 .debug_ranges  0x0000000000000010       0x88 Core/Src/main.o
 .debug_ranges  0x0000000000000098       0x58 Core/Src/stm32f0xx_hal_msp.o
 .debug_ranges  0x00000000000000f0       0x20 Core/Src/stm32f0xx_hal_timebase_tim.o
 .debug_ranges  0x0000000000000110       0x28 Core/Src/stm32f0xx_it.o
 .debug_ranges  0x0000000000000138       0x18 Core/Src/system_stm32f0xx.o
 .debug_ranges  0x0000000000000150       0x20 Core/Startup/startup_stm32f051r8tx.o
 .debug_ranges  0x0000000000000170       0xc0 Drivers/STM32F0xx_HAL_Driver/Src/stm32f0xx_hal.o
 .debug_ranges  0x0000000000000230       0xe8 Drivers/STM32F0xx_HAL_Driver/Src/stm32f0xx_hal_adc.o
 .debug_ranges  0x0000000000000318       0xb0 Drivers/STM32F0xx_HAL_Driver/Src/stm32f0xx_hal_cortex.o
 .debug_ranges  0x00000000000003c8       0x78 Drivers/STM32F0xx_HAL_Driver/Src/stm32f0xx_hal_dma.o
 .debug_ranges  0x0000000000000440       0x48 Drivers/STM32F0xx_HAL_Driver/Src/stm32f0xx_hal_gpio.o
 .debug_ranges  0x0000000000000488       0x70 Drivers/STM32F0xx_HAL_Driver/Src/stm32f0xx_hal_rcc.o
 .debug_ranges  0x00000000000004f8       0x20 Drivers/STM32F0xx_HAL_Driver/Src/stm32f0xx_hal_rcc_ex.o
 .debug_ranges  0x0000000000000518      0x3a8 Drivers/STM32F0xx_HAL_Driver/Src/stm32f0xx_hal_tim.o
 .debug_ranges  0x00000000000008c0      0x140 Drivers/STM32F0xx_HAL_Driver/Src/stm32f0xx_hal_tim_ex.o
 .debug_ranges  0x0000000000000a00      0x200 Drivers/STM32F0xx_HAL_Driver/Src/stm32f0xx_hal_uart.o
 .debug_ranges  0x0000000000000c00       0x40 Drivers/STM32F0xx_HAL_Driver/Src/stm32f0xx_hal_uart_ex.o
 .debug_ranges  0x0000000000000c40      0x1c8 Middlewares/Third_Party/FreeRTOS/Source/CMSIS_RTOS/cmsis_os.o
 .debug_ranges  0x0000000000000e08       0x30 Middlewares/Third_Party/FreeRTOS/Source/list.o
 .debug_ranges  0x0000000000000e38      0x198 Middlewares/Third_Party/FreeRTOS/Source/tasks.o
 .debug_ranges  0x0000000000000fd0       0x78 Middlewares/Third_Party/FreeRTOS/Source/portable/GCC/ARM_CM0/port.o
 .debug_ranges  0x0000000000001048       0x40 Middlewares/Third_Party/FreeRTOS/Source/portable/MemMang/heap_4.o

.debug_macro    0x0000000000000000    0x11415
 .debug_macro   0x0000000000000000      0x244 Core/Src/freertos.o
 .debug_macro   0x0000000000000244      0xa48 Core/Src/freertos.o
 .debug_macro   0x0000000000000c8c      0x174 Core/Src/freertos.o
 .debug_macro   0x0000000000000e00       0x22 Core/Src/freertos.o
 .debug_macro   0x0000000000000e22       0x8e Core/Src/freertos.o
 .debug_macro   0x0000000000000eb0       0x51 Core/Src/freertos.o
 .debug_macro   0x0000000000000f01       0xef Core/Src/freertos.o
 .debug_macro   0x0000000000000ff0       0x6a Core/Src/freertos.o
 .debug_macro   0x000000000000105a      0x1df Core/Src/freertos.o
 .debug_macro   0x0000000000001239       0xb2 Core/Src/freertos.o
 .debug_macro   0x00000000000012eb      0x15a Core/Src/freertos.o
 .debug_macro   0x0000000000001445       0xac Core/Src/freertos.o
 .debug_macro   0x00000000000014f1       0x10 Core/Src/freertos.o
 .debug_macro   0x0000000000001501       0x1f Core/Src/freertos.o
 .debug_macro   0x0000000000001520      0x4c5 Core/Src/freertos.o
 .debug_macro   0x00000000000019e5       0xb5 Core/Src/freertos.o
 .debug_macro   0x0000000000001a9a       0x8c Core/Src/freertos.o
 .debug_macro   0x0000000000001b26      0x139 Core/Src/freertos.o
 .debug_macro   0x0000000000001c5f       0x2e Core/Src/freertos.o
 .debug_macro   0x0000000000001c8d       0x22 Core/Src/freertos.o
 .debug_macro   0x0000000000001caf       0x1c Core/Src/freertos.o
 .debug_macro   0x0000000000001ccb       0x22 Core/Src/freertos.o
 .debug_macro   0x0000000000001ced       0xb5 Core/Src/freertos.o
 .debug_macro   0x0000000000001da2      0x391 Core/Src/freertos.o
 .debug_macro   0x0000000000002133     0x8cdd Core/Src/freertos.o
 .debug_macro   0x000000000000ae10       0x3c Core/Src/freertos.o
 .debug_macro   0x000000000000ae4c       0x54 Core/Src/freertos.o
 .debug_macro   0x000000000000aea0      0x924 Core/Src/freertos.o
 .debug_macro   0x000000000000b7c4      0x251 Core/Src/freertos.o
 .debug_macro   0x000000000000ba15      0x12f Core/Src/freertos.o
 .debug_macro   0x000000000000bb44      0x114 Core/Src/freertos.o
 .debug_macro   0x000000000000bc58      0x1a0 Core/Src/freertos.o
 .debug_macro   0x000000000000bdf8      0x1ed Core/Src/freertos.o
 .debug_macro   0x000000000000bfe5       0x34 Core/Src/freertos.o
 .debug_macro   0x000000000000c019       0x43 Core/Src/freertos.o
 .debug_macro   0x000000000000c05c       0x28 Core/Src/freertos.o
 .debug_macro   0x000000000000c084      0x33d Core/Src/freertos.o
 .debug_macro   0x000000000000c3c1       0xd4 Core/Src/freertos.o
 .debug_macro   0x000000000000c495       0xb0 Core/Src/freertos.o
 .debug_macro   0x000000000000c545      0x199 Core/Src/freertos.o
 .debug_macro   0x000000000000c6de      0x22c Core/Src/freertos.o
 .debug_macro   0x000000000000c90a       0x60 Core/Src/freertos.o
 .debug_macro   0x000000000000c96a       0xa5 Core/Src/freertos.o